[0/3] Write swift-version--58304C5D6DBC2206.txt
[0/1] Planning build
error: failed: PrebuildCommand(configuration: SPMBuildCore.BuildToolPluginInvocationResult.CommandConfiguration(displayName: Optional("SwiftLint"), executable: <AbsolutePath:"/Users/fernando_idwell/Projects/StockProject/StockPlanBackend/.build/artifacts/swiftlint/SwiftLintBinary/SwiftLintBinary.artifactbundle/macos/swiftlint">, arguments: ["lint", "--quiet", "--force-exclude", "--cache-path", "/Users/fernando_idwell/Projects/StockProject/StockPlanBackend/.build/plugins/outputs/stockplanbackend/StockPlanBackend/destination/SwiftLintBuildToolPlugin/Cache", "/Users/fernando_idwell/Projects/StockProject/StockPlanBackend/Sources/StockPlanBackend/Activity/UserActivityController.swift", "/Users/fernando_idwell/Projects/StockProject/StockPlanBackend/Sources/StockPlanBackend/Activity/UserActivityRepository.swift", "/Users/fernando_idwell/Projects/StockProject/StockPlanBackend/Sources/StockPlanBackend/Activity/UserActivityService.swift", "/Users/fernando_idwell/Projects/StockProject/StockPlanBackend/Sources/StockPlanBackend/Assets/AssetsController.swift", "/Users/fernando_idwell/Projects/StockProject/StockPlanBackend/Sources/StockPlanBackend/Auth/AuthController.swift", "/Users/fernando_idwell/Projects/StockProject/StockPlanBackend/Sources/StockPlanBackend/Auth/AuthDTOs.swift", "/Users/fernando_idwell/Projects/StockProject/StockPlanBackend/Sources/StockPlanBackend/Auth/AuthRepository.swift", "/Users/fernando_idwell/Projects/StockProject/StockPlanBackend/Sources/StockPlanBackend/Auth/AuthService.swift", "/Users/fernando_idwell/Projects/StockProject/StockPlanBackend/Sources/StockPlanBackend/Auth/OAuthProviderClient.swift", "/Users/fernando_idwell/Projects/StockProject/StockPlanBackend/Sources/StockPlanBackend/Auth/SessionToken.swift", "/Users/fernando_idwell/Projects/StockProject/StockPlanBackend/Sources/StockPlanBackend/Broker/BrokerController.swift", "/Users/fernando_idwell/Projects/StockProject/StockPlanBackend/Sources/StockPlanBackend/Broker/BrokerDTOs.swift", "/Users/fernando_idwell/Projects/StockProject/StockPlanBackend/Sources/StockPlanBackend/Broker/BrokerProvider.swift", "/Users/fernando_idwell/Projects/StockProject/StockPlanBackend/Sources/StockPlanBackend/Broker/Brokers+Application.swift", "/Users/fernando_idwell/Projects/StockProject/StockPlanBackend/Sources/StockPlanBackend/Broker/BrokersRepository.swift", "/Users/fernando_idwell/Projects/StockProject/StockPlanBackend/Sources/StockPlanBackend/Broker/BrokersService.swift", "/Users/fernando_idwell/Projects/StockProject/StockPlanBackend/Sources/StockPlanBackend/Broker/CsvImportDTOs.swift", "/Users/fernando_idwell/Projects/StockProject/StockPlanBackend/Sources/StockPlanBackend/Crypto/Crypto+Application.swift", "/Users/fernando_idwell/Projects/StockProject/StockPlanBackend/Sources/StockPlanBackend/Crypto/CryptoController.swift", "/Users/fernando_idwell/Projects/StockProject/StockPlanBackend/Sources/StockPlanBackend/Crypto/CryptoDTOs.swift", "/Users/fernando_idwell/Projects/StockProject/StockPlanBackend/Sources/StockPlanBackend/Crypto/CryptoDataProvider.swift", "/Users/fernando_idwell/Projects/StockProject/StockPlanBackend/Sources/StockPlanBackend/Crypto/CryptoService.swift", "/Users/fernando_idwell/Projects/StockProject/StockPlanBackend/Sources/StockPlanBackend/Crypto/DisabledCryptoDataProvider.swift", "/Users/fernando_idwell/Projects/StockProject/StockPlanBackend/Sources/StockPlanBackend/Crypto/MockCryptoDataProvider.swift", "/Users/fernando_idwell/Projects/StockProject/StockPlanBackend/Sources/StockPlanBackend/Dashboard/Dashboard+Application.swift", "/Users/fernando_idwell/Projects/StockProject/StockPlanBackend/Sources/StockPlanBackend/Dashboard/DashboardController.swift", "/Users/fernando_idwell/Projects/StockProject/StockPlanBackend/Sources/StockPlanBackend/Dashboard/DashboardDTOs.swift", "/Users/fernando_idwell/Projects/StockProject/StockPlanBackend/Sources/StockPlanBackend/Dashboard/DashboardRepository.swift", "/Users/fernando_idwell/Projects/StockProject/StockPlanBackend/Sources/StockPlanBackend/Dashboard/DashboardService.swift", "/Users/fernando_idwell/Projects/StockProject/StockPlanBackend/Sources/StockPlanBackend/Dashboard/GoalsController.swift", "/Users/fernando_idwell/Projects/StockProject/StockPlanBackend/Sources/StockPlanBackend/Earnings/Earnings+Application.swift", "/Users/fernando_idwell/Projects/StockProject/StockPlanBackend/Sources/StockPlanBackend/Earnings/EarningsController.swift", "/Users/fernando_idwell/Projects/StockProject/StockPlanBackend/Sources/StockPlanBackend/Earnings/EarningsDTO.swift", "/Users/fernando_idwell/Projects/StockProject/StockPlanBackend/Sources/StockPlanBackend/Earnings/EarningsProvider.swift", "/Users/fernando_idwell/Projects/StockProject/StockPlanBackend/Sources/StockPlanBackend/Earnings/EarningsService.swift", "/Users/fernando_idwell/Projects/StockProject/StockPlanBackend/Sources/StockPlanBackend/Expenses/BudgetController.swift", "/Users/fernando_idwell/Projects/StockProject/StockPlanBackend/Sources/StockPlanBackend/Expenses/Expenses+Application.swift", "/Users/fernando_idwell/Projects/StockProject/StockPlanBackend/Sources/StockPlanBackend/Expenses/ExpensesController.swift", "/Users/fernando_idwell/Projects/StockProject/StockPlanBackend/Sources/StockPlanBackend/Expenses/ExpensesService.swift", "/Users/fernando_idwell/Projects/StockProject/StockPlanBackend/Sources/StockPlanBackend/Expenses/ReportsController.swift", "/Users/fernando_idwell/Projects/StockProject/StockPlanBackend/Sources/StockPlanBackend/Feedback/FeedbackController.swift", "/Users/fernando_idwell/Projects/StockProject/StockPlanBackend/Sources/StockPlanBackend/Feedback/FeedbackDTOs.swift", "/Users/fernando_idwell/Projects/StockProject/StockPlanBackend/Sources/StockPlanBackend/Gamification/BadgeController.swift", "/Users/fernando_idwell/Projects/StockProject/StockPlanBackend/Sources/StockPlanBackend/Gamification/BadgeDTOs+Content.swift", "/Users/fernando_idwell/Projects/StockProject/StockPlanBackend/Sources/StockPlanBackend/Gamification/BadgeDefinitions.swift", "/Users/fernando_idwell/Projects/StockProject/StockPlanBackend/Sources/StockPlanBackend/Gamification/BadgeService.swift", "/Users/fernando_idwell/Projects/StockProject/StockPlanBackend/Sources/StockPlanBackend/Market/DisabledMarketDataProvider.swift", "/Users/fernando_idwell/Projects/StockProject/StockPlanBackend/Sources/StockPlanBackend/Market/FMPMarketDataProvider.swift", "/Users/fernando_idwell/Projects/StockProject/StockPlanBackend/Sources/StockPlanBackend/Market/FinnhubMarketDataProvider.swift", "/Users/fernando_idwell/Projects/StockProject/StockPlanBackend/Sources/StockPlanBackend/Market/IBKRMarketDataProvider.swift", "/Users/fernando_idwell/Projects/StockProject/StockPlanBackend/Sources/StockPlanBackend/Market/Market+Application.swift", "/Users/fernando_idwell/Projects/StockProject/StockPlanBackend/Sources/StockPlanBackend/Market/MarketDataController.swift", "/Users/fernando_idwell/Projects/StockProject/StockPlanBackend/Sources/StockPlanBackend/Market/MarketDataDTOs.swift", "/Users/fernando_idwell/Projects/StockProject/StockPlanBackend/Sources/StockPlanBackend/Market/MarketDataProvider.swift", "/Users/fernando_idwell/Projects/StockProject/StockPlanBackend/Sources/StockPlanBackend/Market/MarketDataRepository.swift", "/Users/fernando_idwell/Projects/StockProject/StockPlanBackend/Sources/StockPlanBackend/Market/MarketDataService.swift", "/Users/fernando_idwell/Projects/StockProject/StockPlanBackend/Sources/StockPlanBackend/Market/MarketNews+Application.swift", "/Users/fernando_idwell/Projects/StockProject/StockPlanBackend/Sources/StockPlanBackend/Market/MarketNewsArchiveService.swift", "/Users/fernando_idwell/Projects/StockProject/StockPlanBackend/Sources/StockPlanBackend/Migrations/AddAccountLockoutAndVerificationFields.swift", "/Users/fernando_idwell/Projects/StockProject/StockPlanBackend/Sources/StockPlanBackend/Migrations/AddAssetCategoryToStocks.swift", "/Users/fernando_idwell/Projects/StockProject/StockPlanBackend/Sources/StockPlanBackend/Migrations/AddDatabaseOptimizations.swift", "/Users/fernando_idwell/Projects/StockProject/StockPlanBackend/Sources/StockPlanBackend/Migrations/AddEncryptedUserProfileFields.swift", "/Users/fernando_idwell/Projects/StockProject/StockPlanBackend/Sources/StockPlanBackend/Migrations/AddExpenseSharingFields.swift", "/Users/fernando_idwell/Projects/StockProject/StockPlanBackend/Sources/StockPlanBackend/Migrations/AddGoalStatusFields.swift", "/Users/fernando_idwell/Projects/StockProject/StockPlanBackend/Sources/StockPlanBackend/Migrations/AddHouseholdPartnerDisplayNameToUsers.swift", "/Users/fernando_idwell/Projects/StockProject/StockPlanBackend/Sources/StockPlanBackend/Migrations/AddImageURLToMarketNewsArchive.swift", "/Users/fernando_idwell/Projects/StockProject/StockPlanBackend/Sources/StockPlanBackend/Migrations/AddNewsViewedActivityType.swift", "/Users/fernando_idwell/Projects/StockProject/StockPlanBackend/Sources/StockPlanBackend/Migrations/AddPortfolioAndWatchlistLists.swift", "/Users/fernando_idwell/Projects/StockProject/StockPlanBackend/Sources/StockPlanBackend/Migrations/AddQuoteCacheLookupIndex.swift", "/Users/fernando_idwell/Projects/StockProject/StockPlanBackend/Sources/StockPlanBackend/Migrations/AddQuoteFields.swift", "/Users/fernando_idwell/Projects/StockProject/StockPlanBackend/Sources/StockPlanBackend/Migrations/AddTargetAlertFields.swift", "/Users/fernando_idwell/Projects/StockProject/StockPlanBackend/Sources/StockPlanBackend/Migrations/AddUserProfileFields.swift", "/Users/fernando_idwell/Projects/StockProject/StockPlanBackend/Sources/StockPlanBackend/Migrations/AddUserProfileMetadataFields.swift", "/Users/fernando_idwell/Projects/StockProject/StockPlanBackend/Sources/StockPlanBackend/Migrations/AddUserScopedQueryIndexes.swift", "/Users/fernando_idwell/Projects/StockProject/StockPlanBackend/Sources/StockPlanBackend/Migrations/AddWatchlistMetadataFields.swift", "/Users/fernando_idwell/Projects/StockProject/StockPlanBackend/Sources/StockPlanBackend/Migrations/BackfillEncryptedUserProfileFields.swift", "/Users/fernando_idwell/Projects/StockProject/StockPlanBackend/Sources/StockPlanBackend/Migrations/ConvertBudgetPillarEnumToString.swift", "/Users/fernando_idwell/Projects/StockProject/StockPlanBackend/Sources/StockPlanBackend/Migrations/CreateAccount.swift", "/Users/fernando_idwell/Projects/StockProject/StockPlanBackend/Sources/StockPlanBackend/Migrations/CreateAnalystEstimatesCache.swift", "/Users/fernando_idwell/Projects/StockProject/StockPlanBackend/Sources/StockPlanBackend/Migrations/CreateBasicFinancialsCache.swift", "/Users/fernando_idwell/Projects/StockProject/StockPlanBackend/Sources/StockPlanBackend/Migrations/CreateBrokerConnection.swift", "/Users/fernando_idwell/Projects/StockProject/StockPlanBackend/Sources/StockPlanBackend/Migrations/CreateCashBalance.swift", "/Users/fernando_idwell/Projects/StockProject/StockPlanBackend/Sources/StockPlanBackend/Migrations/CreateCryptoPortfolioItem.swift", "/Users/fernando_idwell/Projects/StockProject/StockPlanBackend/Sources/StockPlanBackend/Migrations/CreateExpenseCategoryTable.swift", "/Users/fernando_idwell/Projects/StockProject/StockPlanBackend/Sources/StockPlanBackend/Migrations/CreateExpensesTables.swift", "/Users/fernando_idwell/Projects/StockProject/StockPlanBackend/Sources/StockPlanBackend/Migrations/CreateFeedback.swift", "/Users/fernando_idwell/Projects/StockProject/StockPlanBackend/Sources/StockPlanBackend/Migrations/CreateFinancialGrowthCache.swift", "/Users/fernando_idwell/Projects/StockProject/StockPlanBackend/Sources/StockPlanBackend/Migrations/CreateFxRate.swift", "/Users/fernando_idwell/Projects/StockProject/StockPlanBackend/Sources/StockPlanBackend/Migrations/CreateInstrument.swift", "/Users/fernando_idwell/Projects/StockProject/StockPlanBackend/Sources/StockPlanBackend/Migrations/CreateLot.swift", "/Users/fernando_idwell/Projects/StockProject/StockPlanBackend/Sources/StockPlanBackend/Migrations/CreateMFAChallenge.swift", "/Users/fernando_idwell/Projects/StockProject/StockPlanBackend/Sources/StockPlanBackend/Migrations/CreateMarketNewsArchive.swift", "/Users/fernando_idwell/Projects/StockProject/StockPlanBackend/Sources/StockPlanBackend/Migrations/CreateNewsItem.swift", "/Users/fernando_idwell/Projects/StockProject/StockPlanBackend/Sources/StockPlanBackend/Migrations/CreateOAuthTables.swift", "/Users/fernando_idwell/Projects/StockProject/StockPlanBackend/Sources/StockPlanBackend/Migrations/CreatePasswordResetToken.swift", "/Users/fernando_idwell/Projects/StockProject/StockPlanBackend/Sources/StockPlanBackend/Migrations/CreatePosition.swift", "/Users/fernando_idwell/Projects/StockProject/StockPlanBackend/Sources/StockPlanBackend/Migrations/CreatePrice.swift", "/Users/fernando_idwell/Projects/StockProject/StockPlanBackend/Sources/StockPlanBackend/Migrations/CreatePriceHistory.swift", "/Users/fernando_idwell/Projects/StockProject/StockPlanBackend/Sources/StockPlanBackend/Migrations/CreateProfileCache.swift", "/Users/fernando_idwell/Projects/StockProject/StockPlanBackend/Sources/StockPlanBackend/Migrations/CreatePushDevice.swift", "/Users/fernando_idwell/Projects/StockProject/StockPlanBackend/Sources/StockPlanBackend/Migrations/CreateQuoteCache.swift", "/Users/fernando_idwell/Projects/StockProject/StockPlanBackend/Sources/StockPlanBackend/Migrations/CreateRatiosCache.swift", "/Users/fernando_idwell/Projects/StockProject/StockPlanBackend/Sources/StockPlanBackend/Migrations/CreateRatiosTTMCache.swift", "/Users/fernando_idwell/Projects/StockProject/StockPlanBackend/Sources/StockPlanBackend/Migrations/CreateRefreshToken.swift", "/Users/fernando_idwell/Projects/StockProject/StockPlanBackend/Sources/StockPlanBackend/Migrations/CreateReportSuggestionDismissals.swift", "/Users/fernando_idwell/Projects/StockProject/StockPlanBackend/Sources/StockPlanBackend/Migrations/CreateResearchNote.swift", "/Users/fernando_idwell/Projects/StockProject/StockPlanBackend/Sources/StockPlanBackend/Migrations/CreateSearchCache.swift", "/Users/fernando_idwell/Projects/StockProject/StockPlanBackend/Sources/StockPlanBackend/Migrations/CreateStatisticsSnapshot.swift", "/Users/fernando_idwell/Projects/StockProject/StockPlanBackend/Sources/StockPlanBackend/Migrations/CreateStock.swift", "/Users/fernando_idwell/Projects/StockProject/StockPlanBackend/Sources/StockPlanBackend/Migrations/CreateStockValuation.swift", "/Users/fernando_idwell/Projects/StockProject/StockPlanBackend/Sources/StockPlanBackend/Migrations/CreateTarget.swift", "/Users/fernando_idwell/Projects/StockProject/StockPlanBackend/Sources/StockPlanBackend/Migrations/CreateTransaction.swift", "/Users/fernando_idwell/Projects/StockProject/StockPlanBackend/Sources/StockPlanBackend/Migrations/CreateUser.swift", "/Users/fernando_idwell/Projects/StockProject/StockPlanBackend/Sources/StockPlanBackend/Migrations/CreateUserActivity.swift", "/Users/fernando_idwell/Projects/StockProject/StockPlanBackend/Sources/StockPlanBackend/Migrations/CreateUserBadge.swift", "/Users/fernando_idwell/Projects/StockProject/StockPlanBackend/Sources/StockPlanBackend/Migrations/CreateWatchlistItem.swift", "/Users/fernando_idwell/Projects/StockProject/StockPlanBackend/Sources/StockPlanBackend/Migrations/Database+Index.swift", "/Users/fernando_idwell/Projects/StockProject/StockPlanBackend/Sources/StockPlanBackend/Migrations/DeleteFirstNameLastName.swift", "/Users/fernando_idwell/Projects/StockProject/StockPlanBackend/Sources/StockPlanBackend/Migrations/DropLegacyPlaintextUserProfileFields.swift", "/Users/fernando_idwell/Projects/StockProject/StockPlanBackend/Sources/StockPlanBackend/Models/Account.swift", "/Users/fernando_idwell/Projects/StockProject/StockPlanBackend/Sources/StockPlanBackend/Models/AnalystEstimatesCache.swift", "/Users/fernando_idwell/Projects/StockProject/StockPlanBackend/Sources/StockPlanBackend/Models/BasicFinancialsCache.swift", "/Users/fernando_idwell/Projects/StockProject/StockPlanBackend/Sources/StockPlanBackend/Models/BrokerConnection.swift", "/Users/fernando_idwell/Projects/StockProject/StockPlanBackend/Sources/StockPlanBackend/Models/BudgetPlanItem.swift", "/Users/fernando_idwell/Projects/StockProject/StockPlanBackend/Sources/StockPlanBackend/Models/BudgetSnapshot.swift", "/Users/fernando_idwell/Projects/StockProject/StockPlanBackend/Sources/StockPlanBackend/Models/CashBalance.swift", "/Users/fernando_idwell/Projects/StockProject/StockPlanBackend/Sources/StockPlanBackend/Models/CryptoPortfolioItem.swift", "/Users/fernando_idwell/Projects/StockProject/StockPlanBackend/Sources/StockPlanBackend/Models/Expense.swift", "/Users/fernando_idwell/Projects/StockProject/StockPlanBackend/Sources/StockPlanBackend/Models/ExpenseCategory.swift", "/Users/fernando_idwell/Projects/StockProject/StockPlanBackend/Sources/StockPlanBackend/Models/Feedback.swift", "/Users/fernando_idwell/Projects/StockProject/StockPlanBackend/Sources/StockPlanBackend/Models/FinancialGrowthCache.swift", "/Users/fernando_idwell/Projects/StockProject/StockPlanBackend/Sources/StockPlanBackend/Models/FxRate.swift", "/Users/fernando_idwell/Projects/StockProject/StockPlanBackend/Sources/StockPlanBackend/Models/Goal.swift", "/Users/fernando_idwell/Projects/StockProject/StockPlanBackend/Sources/StockPlanBackend/Models/Instrument.swift", "/Users/fernando_idwell/Projects/StockProject/StockPlanBackend/Sources/StockPlanBackend/Models/Lot.swift", "/Users/fernando_idwell/Projects/StockProject/StockPlanBackend/Sources/StockPlanBackend/Models/MFAChallenge.swift", "/Users/fernando_idwell/Projects/StockProject/StockPlanBackend/Sources/StockPlanBackend/Models/MarketNewsArchive.swift", "/Users/fernando_idwell/Projects/StockProject/StockPlanBackend/Sources/StockPlanBackend/Models/NewsItem.swift", "/Users/fernando_idwell/Projects/StockProject/StockPlanBackend/Sources/StockPlanBackend/Models/OAuthFlow.swift", "/Users/fernando_idwell/Projects/StockProject/StockPlanBackend/Sources/StockPlanBackend/Models/OAuthIdentity.swift", "/Users/fernando_idwell/Projects/StockProject/StockPlanBackend/Sources/StockPlanBackend/Models/PasswordResetToken.swift", "/Users/fernando_idwell/Projects/StockProject/StockPlanBackend/Sources/StockPlanBackend/Models/PortfolioList.swift", "/Users/fernando_idwell/Projects/StockProject/StockPlanBackend/Sources/StockPlanBackend/Models/Position.swift", "/Users/fernando_idwell/Projects/StockProject/StockPlanBackend/Sources/StockPlanBackend/Models/Price.swift", "/Users/fernando_idwell/Projects/StockProject/StockPlanBackend/Sources/StockPlanBackend/Models/PriceHistory.swift", "/Users/fernando_idwell/Projects/StockProject/StockPlanBackend/Sources/StockPlanBackend/Models/ProfileCache.swift", "/Users/fernando_idwell/Projects/StockProject/StockPlanBackend/Sources/StockPlanBackend/Models/PushDevice.swift", "/Users/fernando_idwell/Projects/StockProject/StockPlanBackend/Sources/StockPlanBackend/Models/QuoteCache.swift", "/Users/fernando_idwell/Projects/StockProject/StockPlanBackend/Sources/StockPlanBackend/Models/RatiosCache.swift", "/Users/fernando_idwell/Projects/StockProject/StockPlanBackend/Sources/StockPlanBackend/Models/RatiosTTMCache.swift", "/Users/fernando_idwell/Projects/StockProject/StockPlanBackend/Sources/StockPlanBackend/Models/RefreshToken.swift", "/Users/fernando_idwell/Projects/StockProject/StockPlanBackend/Sources/StockPlanBackend/Models/ReportSuggestionDismissal.swift", "/Users/fernando_idwell/Projects/StockProject/StockPlanBackend/Sources/StockPlanBackend/Models/ResearchNote.swift", "/Users/fernando_idwell/Projects/StockProject/StockPlanBackend/Sources/StockPlanBackend/Models/SearchCache.swift", "/Users/fernando_idwell/Projects/StockProject/StockPlanBackend/Sources/StockPlanBackend/Models/StatisticsSnapshot.swift", "/Users/fernando_idwell/Projects/StockProject/StockPlanBackend/Sources/StockPlanBackend/Models/StatisticsView.swift", "/Users/fernando_idwell/Projects/StockProject/StockPlanBackend/Sources/StockPlanBackend/Models/StockModel.swift", "/Users/fernando_idwell/Projects/StockProject/StockPlanBackend/Sources/StockPlanBackend/Models/StockValuation.swift", "/Users/fernando_idwell/Projects/StockProject/StockPlanBackend/Sources/StockPlanBackend/Models/Target.swift", "/Users/fernando_idwell/Projects/StockProject/StockPlanBackend/Sources/StockPlanBackend/Models/Transaction.swift", "/Users/fernando_idwell/Projects/StockProject/StockPlanBackend/Sources/StockPlanBackend/Models/User.swift", "/Users/fernando_idwell/Projects/StockProject/StockPlanBackend/Sources/StockPlanBackend/Models/UserActivity.swift", "/Users/fernando_idwell/Projects/StockProject/StockPlanBackend/Sources/StockPlanBackend/Models/UserBadge.swift", "/Users/fernando_idwell/Projects/StockProject/StockPlanBackend/Sources/StockPlanBackend/Models/WatchlistItem.swift", "/Users/fernando_idwell/Projects/StockProject/StockPlanBackend/Sources/StockPlanBackend/Models/WatchlistList.swift", "/Users/fernando_idwell/Projects/StockProject/StockPlanBackend/Sources/StockPlanBackend/News/FinnhubWebhookController.swift", "/Users/fernando_idwell/Projects/StockProject/StockPlanBackend/Sources/StockPlanBackend/News/News+Application.swift", "/Users/fernando_idwell/Projects/StockProject/StockPlanBackend/Sources/StockPlanBackend/News/NewsController.swift", "/Users/fernando_idwell/Projects/StockProject/StockPlanBackend/Sources/StockPlanBackend/News/NewsDTO.swift", "/Users/fernando_idwell/Projects/StockProject/StockPlanBackend/Sources/StockPlanBackend/News/NewsProvider.swift", "/Users/fernando_idwell/Projects/StockProject/StockPlanBackend/Sources/StockPlanBackend/News/NewsRepository.swift", "/Users/fernando_idwell/Projects/StockProject/StockPlanBackend/Sources/StockPlanBackend/News/NewsService.swift", "/Users/fernando_idwell/Projects/StockProject/StockPlanBackend/Sources/StockPlanBackend/Notifications/APNSBootstrapConfiguration.swift", "/Users/fernando_idwell/Projects/StockProject/StockPlanBackend/Sources/StockPlanBackend/Notifications/PushDeviceService.swift", "/Users/fernando_idwell/Projects/StockProject/StockPlanBackend/Sources/StockPlanBackend/Notifications/PushNotificationSender.swift", "/Users/fernando_idwell/Projects/StockProject/StockPlanBackend/Sources/StockPlanBackend/Notifications/PushNotificationsController.swift", "/Users/fernando_idwell/Projects/StockProject/StockPlanBackend/Sources/StockPlanBackend/Notifications/PushNotificationsDTOs.swift", "/Users/fernando_idwell/Projects/StockProject/StockPlanBackend/Sources/StockPlanBackend/Notifications/TargetAlertEvaluator.swift", "/Users/fernando_idwell/Projects/StockProject/StockPlanBackend/Sources/StockPlanBackend/Notifications/TargetAlertPoller.swift", "/Users/fernando_idwell/Projects/StockProject/StockPlanBackend/Sources/StockPlanBackend/Portfolio/PortfolioController.swift", "/Users/fernando_idwell/Projects/StockProject/StockPlanBackend/Sources/StockPlanBackend/Portfolio/PortfolioDTOs.swift", "/Users/fernando_idwell/Projects/StockProject/StockPlanBackend/Sources/StockPlanBackend/Security/UserPIIEncryption.swift", "/Users/fernando_idwell/Projects/StockProject/StockPlanBackend/Sources/StockPlanBackend/Services/AuthTokenCleanup.swift", "/Users/fernando_idwell/Projects/StockProject/StockPlanBackend/Sources/StockPlanBackend/Services/CsvImportService.swift", "/Users/fernando_idwell/Projects/StockProject/StockPlanBackend/Sources/StockPlanBackend/Services/MailerService.swift", "/Users/fernando_idwell/Projects/StockProject/StockPlanBackend/Sources/StockPlanBackend/Shared/JSONCoder+Backend.swift", "/Users/fernando_idwell/Projects/StockProject/StockPlanBackend/Sources/StockPlanBackend/Shared/RateLimitMiddleware.swift", "/Users/fernando_idwell/Projects/StockProject/StockPlanBackend/Sources/StockPlanBackend/Shared/StockPlanShared+Content.swift", "/Users/fernando_idwell/Projects/StockProject/StockPlanBackend/Sources/StockPlanBackend/Statistics/Statistics+Application.swift", "/Users/fernando_idwell/Projects/StockProject/StockPlanBackend/Sources/StockPlanBackend/Statistics/StatisticsController.swift", "/Users/fernando_idwell/Projects/StockProject/StockPlanBackend/Sources/StockPlanBackend/Statistics/StatisticsDTO.swift", "/Users/fernando_idwell/Projects/StockProject/StockPlanBackend/Sources/StockPlanBackend/Statistics/StatisticsRepository.swift", "/Users/fernando_idwell/Projects/StockProject/StockPlanBackend/Sources/StockPlanBackend/Statistics/StatisticsService.swift", "/Users/fernando_idwell/Projects/StockProject/StockPlanBackend/Sources/StockPlanBackend/Stocks/ListSupport.swift", "/Users/fernando_idwell/Projects/StockProject/StockPlanBackend/Sources/StockPlanBackend/Stocks/StockController+Watchlist.swift", "/Users/fernando_idwell/Projects/StockProject/StockPlanBackend/Sources/StockPlanBackend/Stocks/StockController.swift", "/Users/fernando_idwell/Projects/StockProject/StockPlanBackend/Sources/StockPlanBackend/Stocks/StockDTO.swift", "/Users/fernando_idwell/Projects/StockProject/StockPlanBackend/Sources/StockPlanBackend/Stocks/StockRepository.swift", "/Users/fernando_idwell/Projects/StockProject/StockPlanBackend/Sources/StockPlanBackend/Stocks/StockService.swift", "/Users/fernando_idwell/Projects/StockProject/StockPlanBackend/Sources/StockPlanBackend/Stocks/Stocks+Application.swift", "/Users/fernando_idwell/Projects/StockProject/StockPlanBackend/Sources/StockPlanBackend/UserProfile/UserProfile+Application.swift", "/Users/fernando_idwell/Projects/StockProject/StockPlanBackend/Sources/StockPlanBackend/UserProfile/UserProfileController.swift", "/Users/fernando_idwell/Projects/StockProject/StockPlanBackend/Sources/StockPlanBackend/UserProfile/UserProfileDTOs.swift", "/Users/fernando_idwell/Projects/StockProject/StockPlanBackend/Sources/StockPlanBackend/UserProfile/UserProfileRepository.swift", "/Users/fernando_idwell/Projects/StockProject/StockPlanBackend/Sources/StockPlanBackend/UserProfile/UserProfileService.swift", "/Users/fernando_idwell/Projects/StockProject/StockPlanBackend/Sources/StockPlanBackend/configure.swift", "/Users/fernando_idwell/Projects/StockProject/StockPlanBackend/Sources/StockPlanBackend/entrypoint.swift", "/Users/fernando_idwell/Projects/StockProject/StockPlanBackend/Sources/StockPlanBackend/routes.swift"], environment: ["BUILD_WORKSPACE_DIRECTORY=/Users/fernando_idwell/Projects/StockProject/StockPlanBackend"], workingDirectory: nil), outputFilesDirectory: <AbsolutePath:"/Users/fernando_idwell/Projects/StockProject/StockPlanBackend/.build/plugins/outputs/stockplanbackend/StockPlanBackend/destination/SwiftLintBuildToolPlugin/Output">)

/Users/fernando_idwell/Projects/StockProject/StockPlanBackend/Sources/StockPlanBackend/Activity/UserActivityRepository.swift:26:9: warning: Nesting Violation: Types should be nested at most 1 level deep (nesting)
/Users/fernando_idwell/Projects/StockProject/StockPlanBackend/Sources/StockPlanBackend/Activity/UserActivityService.swift:8:5: warning: Function Parameter Count Violation: Function should have 5 parameters or less: it currently has 8 (function_parameter_count)
/Users/fernando_idwell/Projects/StockProject/StockPlanBackend/Sources/StockPlanBackend/Activity/UserActivityService.swift:38:5: warning: Function Parameter Count Violation: Function should have 5 parameters or less: it currently has 8 (function_parameter_count)
/Users/fernando_idwell/Projects/StockProject/StockPlanBackend/Sources/StockPlanBackend/Activity/UserActivityService.swift:63:9: warning: Nesting Violation: Types should be nested at most 1 level deep (nesting)
/Users/fernando_idwell/Projects/StockProject/StockPlanBackend/Sources/StockPlanBackend/Auth/AuthService.swift:930:1: warning: File Length Violation: File should contain 500 lines or less: currently contains 930 (file_length)
/Users/fernando_idwell/Projects/StockProject/StockPlanBackend/Sources/StockPlanBackend/Auth/AuthService.swift:34:5: warning: Function Parameter Count Violation: Function should have 5 parameters or less: it currently has 6 (function_parameter_count)
/Users/fernando_idwell/Projects/StockProject/StockPlanBackend/Sources/StockPlanBackend/Auth/AuthService.swift:51:5: warning: Function Parameter Count Violation: Function should have 5 parameters or less: it currently has 7 (function_parameter_count)
/Users/fernando_idwell/Projects/StockProject/StockPlanBackend/Sources/StockPlanBackend/Auth/AuthService.swift:80:5: warning: Function Parameter Count Violation: Function should have 5 parameters or less: it currently has 6 (function_parameter_count)
/Users/fernando_idwell/Projects/StockProject/StockPlanBackend/Sources/StockPlanBackend/Auth/AuthService.swift:296:5: warning: Function Parameter Count Violation: Function should have 5 parameters or less: it currently has 7 (function_parameter_count)
/Users/fernando_idwell/Projects/StockProject/StockPlanBackend/Sources/StockPlanBackend/Auth/AuthService.swift:916:9: warning: Nesting Violation: Types should be nested at most 1 level deep (nesting)
/Users/fernando_idwell/Projects/StockProject/StockPlanBackend/Sources/StockPlanBackend/Auth/OAuthProviderClient.swift:751:1: warning: File Length Violation: File should contain 500 lines or less: currently contains 751 (file_length)
/Users/fernando_idwell/Projects/StockProject/StockPlanBackend/Sources/StockPlanBackend/Auth/OAuthProviderClient.swift:68:9: warning: Nesting Violation: Types should be nested at most 1 level deep (nesting)
/Users/fernando_idwell/Projects/StockProject/StockPlanBackend/Sources/StockPlanBackend/Auth/OAuthProviderClient.swift:217:9: warning: Nesting Violation: Types should be nested at most 1 level deep (nesting)
/Users/fernando_idwell/Projects/StockProject/StockPlanBackend/Sources/StockPlanBackend/Auth/OAuthProviderClient.swift:235:9: warning: Nesting Violation: Types should be nested at most 1 level deep (nesting)
/Users/fernando_idwell/Projects/StockProject/StockPlanBackend/Sources/StockPlanBackend/Auth/OAuthProviderClient.swift:411:9: warning: Nesting Violation: Types should be nested at most 1 level deep (nesting)
/Users/fernando_idwell/Projects/StockProject/StockPlanBackend/Sources/StockPlanBackend/Auth/OAuthProviderClient.swift:419:9: warning: Nesting Violation: Types should be nested at most 1 level deep (nesting)
/Users/fernando_idwell/Projects/StockProject/StockPlanBackend/Sources/StockPlanBackend/Auth/AuthRepository.swift:26:5: warning: Function Parameter Count Violation: Function should have 5 parameters or less: it currently has 7 (function_parameter_count)
/Users/fernando_idwell/Projects/StockProject/StockPlanBackend/Sources/StockPlanBackend/Auth/AuthRepository.swift:39:5: warning: Function Parameter Count Violation: Function should have 5 parameters or less: it currently has 6 (function_parameter_count)
/Users/fernando_idwell/Projects/StockProject/StockPlanBackend/Sources/StockPlanBackend/Auth/AuthRepository.swift:48:5: warning: Function Parameter Count Violation: Function should have 5 parameters or less: it currently has 8 (function_parameter_count)
/Users/fernando_idwell/Projects/StockProject/StockPlanBackend/Sources/StockPlanBackend/Auth/AuthRepository.swift:166:5: warning: Function Parameter Count Violation: Function should have 5 parameters or less: it currently has 7 (function_parameter_count)
/Users/fernando_idwell/Projects/StockProject/StockPlanBackend/Sources/StockPlanBackend/Auth/AuthRepository.swift:208:5: warning: Function Parameter Count Violation: Function should have 5 parameters or less: it currently has 6 (function_parameter_count)
/Users/fernando_idwell/Projects/StockProject/StockPlanBackend/Sources/StockPlanBackend/Auth/AuthRepository.swift:227:5: warning: Function Parameter Count Violation: Function should have 5 parameters or less: it currently has 8 (function_parameter_count)
/Users/fernando_idwell/Projects/StockProject/StockPlanBackend/Sources/StockPlanBackend/Auth/AuthRepository.swift:274:9: warning: Nesting Violation: Types should be nested at most 1 level deep (nesting)
/Users/fernando_idwell/Projects/StockProject/StockPlanBackend/Sources/StockPlanBackend/Broker/Brokers+Application.swift:5:9: warning: Nesting Violation: Types should be nested at most 1 level deep (nesting)
/Users/fernando_idwell/Projects/StockProject/StockPlanBackend/Sources/StockPlanBackend/Broker/Brokers+Application.swift:9:9: warning: Nesting Violation: Types should be nested at most 1 level deep (nesting)
/Users/fernando_idwell/Projects/StockProject/StockPlanBackend/Sources/StockPlanBackend/Crypto/MockCryptoDataProvider.swift:102:5: warning: Function Parameter Count Violation: Function should have 5 parameters or less: it currently has 6 (function_parameter_count)
/Users/fernando_idwell/Projects/StockProject/StockPlanBackend/Sources/StockPlanBackend/Crypto/CryptoService.swift:22:5: warning: Function Parameter Count Violation: Function should have 5 parameters or less: it currently has 6 (function_parameter_count)
/Users/fernando_idwell/Projects/StockProject/StockPlanBackend/Sources/StockPlanBackend/Crypto/CryptoService.swift:148:5: warning: Function Parameter Count Violation: Function should have 5 parameters or less: it currently has 6 (function_parameter_count)
/Users/fernando_idwell/Projects/StockProject/StockPlanBackend/Sources/StockPlanBackend/Crypto/CryptoDataProvider.swift:14:5: warning: Function Parameter Count Violation: Function should have 5 parameters or less: it currently has 6 (function_parameter_count)
/Users/fernando_idwell/Projects/StockProject/StockPlanBackend/Sources/StockPlanBackend/Crypto/DisabledCryptoDataProvider.swift:41:5: warning: Function Parameter Count Violation: Function should have 5 parameters or less: it currently has 6 (function_parameter_count)
/Users/fernando_idwell/Projects/StockProject/StockPlanBackend/Sources/StockPlanBackend/Earnings/Earnings+Application.swift:5:9: warning: Nesting Violation: Types should be nested at most 1 level deep (nesting)
/Users/fernando_idwell/Projects/StockProject/StockPlanBackend/Sources/StockPlanBackend/Crypto/Crypto+Application.swift:5:9: warning: Nesting Violation: Types should be nested at most 1 level deep (nesting)
/Users/fernando_idwell/Projects/StockProject/StockPlanBackend/Sources/StockPlanBackend/Dashboard/Dashboard+Application.swift:5:9: warning: Nesting Violation: Types should be nested at most 1 level deep (nesting)
/Users/fernando_idwell/Projects/StockProject/StockPlanBackend/Sources/StockPlanBackend/Dashboard/Dashboard+Application.swift:9:9: warning: Nesting Violation: Types should be nested at most 1 level deep (nesting)
/Users/fernando_idwell/Projects/StockProject/StockPlanBackend/Sources/StockPlanBackend/Expenses/ExpensesService.swift:917:1: warning: File Length Violation: File should contain 500 lines or less: currently contains 917 (file_length)
/Users/fernando_idwell/Projects/StockProject/StockPlanBackend/Sources/StockPlanBackend/Expenses/ExpensesService.swift:470:97: warning: Trailing Comma Violation: Collection literals should not have trailing commas (trailing_comma)
/Users/fernando_idwell/Projects/StockProject/StockPlanBackend/Sources/StockPlanBackend/Expenses/ExpensesService.swift:40:7: error: Type Body Length Violation: Class body should span 600 lines or less excluding comments and whitespace: currently spans 649 lines (type_body_length)
/Users/fernando_idwell/Projects/StockProject/StockPlanBackend/Sources/StockPlanBackend/Expenses/ReportsController.swift:6:1: warning: Type Body Length Violation: Struct body should span 300 lines or less excluding comments and whitespace: currently spans 309 lines (type_body_length)
/Users/fernando_idwell/Projects/StockProject/StockPlanBackend/Sources/StockPlanBackend/Expenses/BudgetController.swift:11:17: warning: Nesting Violation: Types should be nested at most 1 level deep (nesting)
/Users/fernando_idwell/Projects/StockProject/StockPlanBackend/Sources/StockPlanBackend/Expenses/BudgetController.swift:51:17: warning: Nesting Violation: Types should be nested at most 1 level deep (nesting)
/Users/fernando_idwell/Projects/StockProject/StockPlanBackend/Sources/StockPlanBackend/Market/FMPMarketDataProvider.swift:605:1: warning: File Length Violation: File should contain 500 lines or less: currently contains 605 (file_length)
/Users/fernando_idwell/Projects/StockProject/StockPlanBackend/Sources/StockPlanBackend/Market/FMPMarketDataProvider.swift:184:5: warning: Function Parameter Count Violation: Function should have 5 parameters or less: it currently has 6 (function_parameter_count)
/Users/fernando_idwell/Projects/StockProject/StockPlanBackend/Sources/StockPlanBackend/Market/FMPMarketDataProvider.swift:93:1: warning: Type Body Length Violation: Struct body should span 300 lines or less excluding comments and whitespace: currently spans 347 lines (type_body_length)
/Users/fernando_idwell/Projects/StockProject/StockPlanBackend/Sources/StockPlanBackend/Expenses/Expenses+Application.swift:5:9: warning: Nesting Violation: Types should be nested at most 1 level deep (nesting)
/Users/fernando_idwell/Projects/StockProject/StockPlanBackend/Sources/StockPlanBackend/Market/FinnhubMarketDataProvider.swift:546:1: warning: File Length Violation: File should contain 500 lines or less: currently contains 546 (file_length)
/Users/fernando_idwell/Projects/StockProject/StockPlanBackend/Sources/StockPlanBackend/Gamification/BadgeService.swift:244:9: warning: Nesting Violation: Types should be nested at most 1 level deep (nesting)
/Users/fernando_idwell/Projects/StockProject/StockPlanBackend/Sources/StockPlanBackend/Market/MarketDataDTOs.swift:1488:1: warning: File Length Violation: File should contain 500 lines or less: currently contains 1488 (file_length)
/Users/fernando_idwell/Projects/StockProject/StockPlanBackend/Sources/StockPlanBackend/Market/MarketDataService.swift:2236:1: warning: File Length Violation: File should contain 500 lines or less: currently contains 2236 (file_length)
/Users/fernando_idwell/Projects/StockProject/StockPlanBackend/Sources/StockPlanBackend/Market/MarketDataService.swift:581:5: warning: Function Body Length Violation: Function body should span 200 lines or less excluding comments and whitespace: currently spans 209 lines (function_body_length)
/Users/fernando_idwell/Projects/StockProject/StockPlanBackend/Sources/StockPlanBackend/Market/MarketDataService.swift:930:13: warning: Function Parameter Count Violation: Function should have 5 parameters or less: it currently has 7 (function_parameter_count)
/Users/fernando_idwell/Projects/StockProject/StockPlanBackend/Sources/StockPlanBackend/Market/MarketDataService.swift:1682:17: warning: Function Parameter Count Violation: Function should have 5 parameters or less: it currently has 6 (function_parameter_count)
/Users/fernando_idwell/Projects/StockProject/StockPlanBackend/Sources/StockPlanBackend/Market/MarketDataService.swift:1747:17: warning: Function Parameter Count Violation: Function should have 5 parameters or less: it currently has 6 (function_parameter_count)
/Users/fernando_idwell/Projects/StockProject/StockPlanBackend/Sources/StockPlanBackend/Market/MarketDataService.swift:1403:1: warning: Line Length Violation: Line should be 200 characters or less; currently it has 210 characters (line_length)
/Users/fernando_idwell/Projects/StockProject/StockPlanBackend/Sources/StockPlanBackend/Market/MarketDataService.swift:388:33: warning: Optional Data -> String Conversion Violation: Prefer failable `String(bytes:encoding:)` initializer when converting `Data` to `String` (optional_data_string_conversion)
/Users/fernando_idwell/Projects/StockProject/StockPlanBackend/Sources/StockPlanBackend/Market/MarketDataController.swift:5:1: warning: Type Body Length Violation: Struct body should span 300 lines or less excluding comments and whitespace: currently spans 423 lines (type_body_length)
/Users/fernando_idwell/Projects/StockProject/StockPlanBackend/Sources/StockPlanBackend/Market/Market+Application.swift:12:9: warning: Nesting Violation: Types should be nested at most 1 level deep (nesting)
/Users/fernando_idwell/Projects/StockProject/StockPlanBackend/Sources/StockPlanBackend/Market/Market+Application.swift:16:9: warning: Nesting Violation: Types should be nested at most 1 level deep (nesting)
/Users/fernando_idwell/Projects/StockProject/StockPlanBackend/Sources/StockPlanBackend/Market/MarketNews+Application.swift:5:9: warning: Nesting Violation: Types should be nested at most 1 level deep (nesting)
/Users/fernando_idwell/Projects/StockProject/StockPlanBackend/Sources/StockPlanBackend/Migrations/CreateExpenseCategoryTable.swift:10:97: warning: Trailing Comma Violation: Collection literals should not have trailing commas (trailing_comma)
/Users/fernando_idwell/Projects/StockProject/StockPlanBackend/Sources/StockPlanBackend/Models/Lot.swift:5:13: warning: Type Name Violation: Type name 'Lot' should be between 4 and 40 characters long (type_name)
/Users/fernando_idwell/Projects/StockProject/StockPlanBackend/Sources/StockPlanBackend/News/News+Application.swift:5:9: warning: Nesting Violation: Types should be nested at most 1 level deep (nesting)
/Users/fernando_idwell/Projects/StockProject/StockPlanBackend/Sources/StockPlanBackend/News/News+Application.swift:9:9: warning: Nesting Violation: Types should be nested at most 1 level deep (nesting)
/Users/fernando_idwell/Projects/StockProject/StockPlanBackend/Sources/StockPlanBackend/News/NewsService.swift:504:1: warning: File Length Violation: File should contain 500 lines or less: currently contains 504 (file_length)
/Users/fernando_idwell/Projects/StockProject/StockPlanBackend/Sources/StockPlanBackend/Notifications/TargetAlertEvaluator.swift:126:9: warning: Nesting Violation: Types should be nested at most 1 level deep (nesting)
/Users/fernando_idwell/Projects/StockProject/StockPlanBackend/Sources/StockPlanBackend/Portfolio/PortfolioController.swift:244:17: warning: Opening Brace Spacing Violation: Opening braces should be preceded by a single space and on the same line as the declaration (opening_brace)
/Users/fernando_idwell/Projects/StockProject/StockPlanBackend/Sources/StockPlanBackend/Notifications/PushNotificationSender.swift:148:9: warning: Nesting Violation: Types should be nested at most 1 level deep (nesting)
/Users/fernando_idwell/Projects/StockProject/StockPlanBackend/Sources/StockPlanBackend/Notifications/PushDeviceService.swift:88:9: warning: Nesting Violation: Types should be nested at most 1 level deep (nesting)
/Users/fernando_idwell/Projects/StockProject/StockPlanBackend/Sources/StockPlanBackend/Services/CsvImportService.swift:127:13: warning: Prefer For-Where Violation: `where` clauses are preferred over a single `if` inside a `for` (for_where)
/Users/fernando_idwell/Projects/StockProject/StockPlanBackend/Sources/StockPlanBackend/Security/UserPIIEncryption.swift:187:9: warning: Nesting Violation: Types should be nested at most 1 level deep (nesting)
/Users/fernando_idwell/Projects/StockProject/StockPlanBackend/Sources/StockPlanBackend/Services/MailerService.swift:69:9: warning: Nesting Violation: Types should be nested at most 1 level deep (nesting)
/Users/fernando_idwell/Projects/StockProject/StockPlanBackend/Sources/StockPlanBackend/Statistics/StatisticsRepository.swift:942:1: warning: File Length Violation: File should contain 500 lines or less: currently contains 942 (file_length)
/Users/fernando_idwell/Projects/StockProject/StockPlanBackend/Sources/StockPlanBackend/Statistics/StatisticsRepository.swift:447:5: warning: Function Parameter Count Violation: Function should have 5 parameters or less: it currently has 6 (function_parameter_count)
/Users/fernando_idwell/Projects/StockProject/StockPlanBackend/Sources/StockPlanBackend/Statistics/Statistics+Application.swift:5:9: warning: Nesting Violation: Types should be nested at most 1 level deep (nesting)
/Users/fernando_idwell/Projects/StockProject/StockPlanBackend/Sources/StockPlanBackend/Statistics/Statistics+Application.swift:9:9: warning: Nesting Violation: Types should be nested at most 1 level deep (nesting)
/Users/fernando_idwell/Projects/StockProject/StockPlanBackend/Sources/StockPlanBackend/Stocks/ListSupport.swift:11:5: warning: Opening Brace Spacing Violation: Opening braces should be preceded by a single space and on the same line as the declaration (opening_brace)
/Users/fernando_idwell/Projects/StockProject/StockPlanBackend/Sources/StockPlanBackend/Stocks/ListSupport.swift:20:5: warning: Opening Brace Spacing Violation: Opening braces should be preceded by a single space and on the same line as the declaration (opening_brace)
/Users/fernando_idwell/Projects/StockProject/StockPlanBackend/Sources/StockPlanBackend/Stocks/ListSupport.swift:40:5: warning: Opening Brace Spacing Violation: Opening braces should be preceded by a single space and on the same line as the declaration (opening_brace)
/Users/fernando_idwell/Projects/StockProject/StockPlanBackend/Sources/StockPlanBackend/Stocks/ListSupport.swift:49:5: warning: Opening Brace Spacing Violation: Opening braces should be preceded by a single space and on the same line as the declaration (opening_brace)
/Users/fernando_idwell/Projects/StockProject/StockPlanBackend/Sources/StockPlanBackend/Stocks/StockController.swift:571:1: warning: File Length Violation: File should contain 500 lines or less: currently contains 571 (file_length)
/Users/fernando_idwell/Projects/StockProject/StockPlanBackend/Sources/StockPlanBackend/Stocks/StockController.swift:516:16: warning: Optional Data -> String Conversion Violation: Prefer failable `String(bytes:encoding:)` initializer when converting `Data` to `String` (optional_data_string_conversion)
/Users/fernando_idwell/Projects/StockProject/StockPlanBackend/Sources/StockPlanBackend/Stocks/StockController.swift:5:1: warning: Type Body Length Violation: Struct body should span 300 lines or less excluding comments and whitespace: currently spans 474 lines (type_body_length)
/Users/fernando_idwell/Projects/StockProject/StockPlanBackend/Sources/StockPlanBackend/Stocks/StockService.swift:782:1: warning: File Length Violation: File should contain 500 lines or less: currently contains 782 (file_length)
/Users/fernando_idwell/Projects/StockProject/StockPlanBackend/Sources/StockPlanBackend/Stocks/StockService.swift:69:1: warning: Type Body Length Violation: Struct body should span 300 lines or less excluding comments and whitespace: currently spans 584 lines (type_body_length)
/Users/fernando_idwell/Projects/StockProject/StockPlanBackend/Sources/StockPlanBackend/Stocks/StockRepository.swift:188:9: warning: Opening Brace Spacing Violation: Opening braces should be preceded by a single space and on the same line as the declaration (opening_brace)
/Users/fernando_idwell/Projects/StockProject/StockPlanBackend/Sources/StockPlanBackend/UserProfile/UserProfile+Application.swift:5:9: warning: Nesting Violation: Types should be nested at most 1 level deep (nesting)
/Users/fernando_idwell/Projects/StockProject/StockPlanBackend/Sources/StockPlanBackend/UserProfile/UserProfile+Application.swift:9:9: warning: Nesting Violation: Types should be nested at most 1 level deep (nesting)
/Users/fernando_idwell/Projects/StockProject/StockPlanBackend/Sources/StockPlanBackend/Stocks/StockController+Watchlist.swift:134:9: warning: Opening Brace Spacing Violation: Opening braces should be preceded by a single space and on the same line as the declaration (opening_brace)
/Users/fernando_idwell/Projects/StockProject/StockPlanBackend/Sources/StockPlanBackend/Stocks/StockController+Watchlist.swift:322:17: warning: Opening Brace Spacing Violation: Opening braces should be preceded by a single space and on the same line as the declaration (opening_brace)
/Users/fernando_idwell/Projects/StockProject/StockPlanBackend/Sources/StockPlanBackend/Shared/RateLimitMiddleware.swift:29:1: warning: Trailing Whitespace Violation: Lines should not have trailing whitespace (trailing_whitespace)
/Users/fernando_idwell/Projects/StockProject/StockPlanBackend/Sources/StockPlanBackend/UserProfile/UserProfileService.swift:96:1: warning: Trailing Whitespace Violation: Lines should not have trailing whitespace (trailing_whitespace)
/Users/fernando_idwell/Projects/StockProject/StockPlanBackend/Sources/StockPlanBackend/Stocks/Stocks+Application.swift:5:9: warning: Nesting Violation: Types should be nested at most 1 level deep (nesting)
/Users/fernando_idwell/Projects/StockProject/StockPlanBackend/Sources/StockPlanBackend/Stocks/Stocks+Application.swift:9:9: warning: Nesting Violation: Types should be nested at most 1 level deep (nesting)
/Users/fernando_idwell/Projects/StockProject/StockPlanBackend/Sources/StockPlanBackend/Expenses/ExpensesController.swift:15:17: warning: Nesting Violation: Types should be nested at most 1 level deep (nesting)
/Users/fernando_idwell/Projects/StockProject/StockPlanBackend/Sources/StockPlanBackend/configure.swift:14:8: warning: Function Body Length Violation: Function body should span 200 lines or less excluding comments and whitespace: currently spans 299 lines (function_body_length)
warning: Found a configuration for 'identifier_name' rule, but it is disabled in 'disabled_rules'.
[0/3] Write swift-version--58304C5D6DBC2206.txt
error: failed: PrebuildCommand(configuration: SPMBuildCore.BuildToolPluginInvocationResult.CommandConfiguration(displayName: Optional("SwiftLint"), executable: <AbsolutePath:"/Users/fernando_idwell/Projects/StockProject/StockPlanBackend/.build/artifacts/swiftlint/SwiftLintBinary/SwiftLintBinary.artifactbundle/macos/swiftlint">, arguments: ["lint", "--quiet", "--force-exclude", "--cache-path", "/Users/fernando_idwell/Projects/StockProject/StockPlanBackend/.build/plugins/outputs/stockplanbackend/StockPlanBackend/destination/SwiftLintBuildToolPlugin/Cache", "/Users/fernando_idwell/Projects/StockProject/StockPlanBackend/Sources/StockPlanBackend/Activity/UserActivityController.swift", "/Users/fernando_idwell/Projects/StockProject/StockPlanBackend/Sources/StockPlanBackend/Activity/UserActivityRepository.swift", "/Users/fernando_idwell/Projects/StockProject/StockPlanBackend/Sources/StockPlanBackend/Activity/UserActivityService.swift", "/Users/fernando_idwell/Projects/StockProject/StockPlanBackend/Sources/StockPlanBackend/Assets/AssetsController.swift", "/Users/fernando_idwell/Projects/StockProject/StockPlanBackend/Sources/StockPlanBackend/Auth/AuthController.swift", "/Users/fernando_idwell/Projects/StockProject/StockPlanBackend/Sources/StockPlanBackend/Auth/AuthDTOs.swift", "/Users/fernando_idwell/Projects/StockProject/StockPlanBackend/Sources/StockPlanBackend/Auth/AuthRepository.swift", "/Users/fernando_idwell/Projects/StockProject/StockPlanBackend/Sources/StockPlanBackend/Auth/AuthService.swift", "/Users/fernando_idwell/Projects/StockProject/StockPlanBackend/Sources/StockPlanBackend/Auth/OAuthProviderClient.swift", "/Users/fernando_idwell/Projects/StockProject/StockPlanBackend/Sources/StockPlanBackend/Auth/SessionToken.swift", "/Users/fernando_idwell/Projects/StockProject/StockPlanBackend/Sources/StockPlanBackend/Broker/BrokerController.swift", "/Users/fernando_idwell/Projects/StockProject/StockPlanBackend/Sources/StockPlanBackend/Broker/BrokerDTOs.swift", "/Users/fernando_idwell/Projects/StockProject/StockPlanBackend/Sources/StockPlanBackend/Broker/BrokerProvider.swift", "/Users/fernando_idwell/Projects/StockProject/StockPlanBackend/Sources/StockPlanBackend/Broker/Brokers+Application.swift", "/Users/fernando_idwell/Projects/StockProject/StockPlanBackend/Sources/StockPlanBackend/Broker/BrokersRepository.swift", "/Users/fernando_idwell/Projects/StockProject/StockPlanBackend/Sources/StockPlanBackend/Broker/BrokersService.swift", "/Users/fernando_idwell/Projects/StockProject/StockPlanBackend/Sources/StockPlanBackend/Broker/CsvImportDTOs.swift", "/Users/fernando_idwell/Projects/StockProject/StockPlanBackend/Sources/StockPlanBackend/Crypto/Crypto+Application.swift", "/Users/fernando_idwell/Projects/StockProject/StockPlanBackend/Sources/StockPlanBackend/Crypto/CryptoController.swift", "/Users/fernando_idwell/Projects/StockProject/StockPlanBackend/Sources/StockPlanBackend/Crypto/CryptoDTOs.swift", "/Users/fernando_idwell/Projects/StockProject/StockPlanBackend/Sources/StockPlanBackend/Crypto/CryptoDataProvider.swift", "/Users/fernando_idwell/Projects/StockProject/StockPlanBackend/Sources/StockPlanBackend/Crypto/CryptoService.swift", "/Users/fernando_idwell/Projects/StockProject/StockPlanBackend/Sources/StockPlanBackend/Crypto/DisabledCryptoDataProvider.swift", "/Users/fernando_idwell/Projects/StockProject/StockPlanBackend/Sources/StockPlanBackend/Crypto/MockCryptoDataProvider.swift", "/Users/fernando_idwell/Projects/StockProject/StockPlanBackend/Sources/StockPlanBackend/Dashboard/Dashboard+Application.swift", "/Users/fernando_idwell/Projects/StockProject/StockPlanBackend/Sources/StockPlanBackend/Dashboard/DashboardController.swift", "/Users/fernando_idwell/Projects/StockProject/StockPlanBackend/Sources/StockPlanBackend/Dashboard/DashboardDTOs.swift", "/Users/fernando_idwell/Projects/StockProject/StockPlanBackend/Sources/StockPlanBackend/Dashboard/DashboardRepository.swift", "/Users/fernando_idwell/Projects/StockProject/StockPlanBackend/Sources/StockPlanBackend/Dashboard/DashboardService.swift", "/Users/fernando_idwell/Projects/StockProject/StockPlanBackend/Sources/StockPlanBackend/Dashboard/GoalsController.swift", "/Users/fernando_idwell/Projects/StockProject/StockPlanBackend/Sources/StockPlanBackend/Earnings/Earnings+Application.swift", "/Users/fernando_idwell/Projects/StockProject/StockPlanBackend/Sources/StockPlanBackend/Earnings/EarningsController.swift", "/Users/fernando_idwell/Projects/StockProject/StockPlanBackend/Sources/StockPlanBackend/Earnings/EarningsDTO.swift", "/Users/fernando_idwell/Projects/StockProject/StockPlanBackend/Sources/StockPlanBackend/Earnings/EarningsProvider.swift", "/Users/fernando_idwell/Projects/StockProject/StockPlanBackend/Sources/StockPlanBackend/Earnings/EarningsService.swift", "/Users/fernando_idwell/Projects/StockProject/StockPlanBackend/Sources/StockPlanBackend/Expenses/BudgetController.swift", "/Users/fernando_idwell/Projects/StockProject/StockPlanBackend/Sources/StockPlanBackend/Expenses/Expenses+Application.swift", "/Users/fernando_idwell/Projects/StockProject/StockPlanBackend/Sources/StockPlanBackend/Expenses/ExpensesController.swift", "/Users/fernando_idwell/Projects/StockProject/StockPlanBackend/Sources/StockPlanBackend/Expenses/ExpensesService.swift", "/Users/fernando_idwell/Projects/StockProject/StockPlanBackend/Sources/StockPlanBackend/Expenses/ReportsController.swift", "/Users/fernando_idwell/Projects/StockProject/StockPlanBackend/Sources/StockPlanBackend/Feedback/FeedbackController.swift", "/Users/fernando_idwell/Projects/StockProject/StockPlanBackend/Sources/StockPlanBackend/Feedback/FeedbackDTOs.swift", "/Users/fernando_idwell/Projects/StockProject/StockPlanBackend/Sources/StockPlanBackend/Gamification/BadgeController.swift", "/Users/fernando_idwell/Projects/StockProject/StockPlanBackend/Sources/StockPlanBackend/Gamification/BadgeDTOs+Content.swift", "/Users/fernando_idwell/Projects/StockProject/StockPlanBackend/Sources/StockPlanBackend/Gamification/BadgeDefinitions.swift", "/Users/fernando_idwell/Projects/StockProject/StockPlanBackend/Sources/StockPlanBackend/Gamification/BadgeService.swift", "/Users/fernando_idwell/Projects/StockProject/StockPlanBackend/Sources/StockPlanBackend/Market/DisabledMarketDataProvider.swift", "/Users/fernando_idwell/Projects/StockProject/StockPlanBackend/Sources/StockPlanBackend/Market/FMPMarketDataProvider.swift", "/Users/fernando_idwell/Projects/StockProject/StockPlanBackend/Sources/StockPlanBackend/Market/FinnhubMarketDataProvider.swift", "/Users/fernando_idwell/Projects/StockProject/StockPlanBackend/Sources/StockPlanBackend/Market/IBKRMarketDataProvider.swift", "/Users/fernando_idwell/Projects/StockProject/StockPlanBackend/Sources/StockPlanBackend/Market/Market+Application.swift", "/Users/fernando_idwell/Projects/StockProject/StockPlanBackend/Sources/StockPlanBackend/Market/MarketDataController.swift", "/Users/fernando_idwell/Projects/StockProject/StockPlanBackend/Sources/StockPlanBackend/Market/MarketDataDTOs.swift", "/Users/fernando_idwell/Projects/StockProject/StockPlanBackend/Sources/StockPlanBackend/Market/MarketDataProvider.swift", "/Users/fernando_idwell/Projects/StockProject/StockPlanBackend/Sources/StockPlanBackend/Market/MarketDataRepository.swift", "/Users/fernando_idwell/Projects/StockProject/StockPlanBackend/Sources/StockPlanBackend/Market/MarketDataService.swift", "/Users/fernando_idwell/Projects/StockProject/StockPlanBackend/Sources/StockPlanBackend/Market/MarketNews+Application.swift", "/Users/fernando_idwell/Projects/StockProject/StockPlanBackend/Sources/StockPlanBackend/Market/MarketNewsArchiveService.swift", "/Users/fernando_idwell/Projects/StockProject/StockPlanBackend/Sources/StockPlanBackend/Migrations/AddAccountLockoutAndVerificationFields.swift", "/Users/fernando_idwell/Projects/StockProject/StockPlanBackend/Sources/StockPlanBackend/Migrations/AddAssetCategoryToStocks.swift", "/Users/fernando_idwell/Projects/StockProject/StockPlanBackend/Sources/StockPlanBackend/Migrations/AddDatabaseOptimizations.swift", "/Users/fernando_idwell/Projects/StockProject/StockPlanBackend/Sources/StockPlanBackend/Migrations/AddEncryptedUserProfileFields.swift", "/Users/fernando_idwell/Projects/StockProject/StockPlanBackend/Sources/StockPlanBackend/Migrations/AddExpenseSharingFields.swift", "/Users/fernando_idwell/Projects/StockProject/StockPlanBackend/Sources/StockPlanBackend/Migrations/AddGoalStatusFields.swift", "/Users/fernando_idwell/Projects/StockProject/StockPlanBackend/Sources/StockPlanBackend/Migrations/AddHouseholdPartnerDisplayNameToUsers.swift", "/Users/fernando_idwell/Projects/StockProject/StockPlanBackend/Sources/StockPlanBackend/Migrations/AddImageURLToMarketNewsArchive.swift", "/Users/fernando_idwell/Projects/StockProject/StockPlanBackend/Sources/StockPlanBackend/Migrations/AddNewsViewedActivityType.swift", "/Users/fernando_idwell/Projects/StockProject/StockPlanBackend/Sources/StockPlanBackend/Migrations/AddPortfolioAndWatchlistLists.swift", "/Users/fernando_idwell/Projects/StockProject/StockPlanBackend/Sources/StockPlanBackend/Migrations/AddQuoteCacheLookupIndex.swift", "/Users/fernando_idwell/Projects/StockProject/StockPlanBackend/Sources/StockPlanBackend/Migrations/AddQuoteFields.swift", "/Users/fernando_idwell/Projects/StockProject/StockPlanBackend/Sources/StockPlanBackend/Migrations/AddTargetAlertFields.swift", "/Users/fernando_idwell/Projects/StockProject/StockPlanBackend/Sources/StockPlanBackend/Migrations/AddUserProfileFields.swift", "/Users/fernando_idwell/Projects/StockProject/StockPlanBackend/Sources/StockPlanBackend/Migrations/AddUserProfileMetadataFields.swift", "/Users/fernando_idwell/Projects/StockProject/StockPlanBackend/Sources/StockPlanBackend/Migrations/AddUserScopedQueryIndexes.swift", "/Users/fernando_idwell/Projects/StockProject/StockPlanBackend/Sources/StockPlanBackend/Migrations/AddWatchlistMetadataFields.swift", "/Users/fernando_idwell/Projects/StockProject/StockPlanBackend/Sources/StockPlanBackend/Migrations/BackfillEncryptedUserProfileFields.swift", "/Users/fernando_idwell/Projects/StockProject/StockPlanBackend/Sources/StockPlanBackend/Migrations/ConvertBudgetPillarEnumToString.swift", "/Users/fernando_idwell/Projects/StockProject/StockPlanBackend/Sources/StockPlanBackend/Migrations/CreateAccount.swift", "/Users/fernando_idwell/Projects/StockProject/StockPlanBackend/Sources/StockPlanBackend/Migrations/CreateAnalystEstimatesCache.swift", "/Users/fernando_idwell/Projects/StockProject/StockPlanBackend/Sources/StockPlanBackend/Migrations/CreateBasicFinancialsCache.swift", "/Users/fernando_idwell/Projects/StockProject/StockPlanBackend/Sources/StockPlanBackend/Migrations/CreateBrokerConnection.swift", "/Users/fernando_idwell/Projects/StockProject/StockPlanBackend/Sources/StockPlanBackend/Migrations/CreateCashBalance.swift", "/Users/fernando_idwell/Projects/StockProject/StockPlanBackend/Sources/StockPlanBackend/Migrations/CreateCryptoPortfolioItem.swift", "/Users/fernando_idwell/Projects/StockProject/StockPlanBackend/Sources/StockPlanBackend/Migrations/CreateExpenseCategoryTable.swift", "/Users/fernando_idwell/Projects/StockProject/StockPlanBackend/Sources/StockPlanBackend/Migrations/CreateExpensesTables.swift", "/Users/fernando_idwell/Projects/StockProject/StockPlanBackend/Sources/StockPlanBackend/Migrations/CreateFeedback.swift", "/Users/fernando_idwell/Projects/StockProject/StockPlanBackend/Sources/StockPlanBackend/Migrations/CreateFinancialGrowthCache.swift", "/Users/fernando_idwell/Projects/StockProject/StockPlanBackend/Sources/StockPlanBackend/Migrations/CreateFxRate.swift", "/Users/fernando_idwell/Projects/StockProject/StockPlanBackend/Sources/StockPlanBackend/Migrations/CreateInstrument.swift", "/Users/fernando_idwell/Projects/StockProject/StockPlanBackend/Sources/StockPlanBackend/Migrations/CreateLot.swift", "/Users/fernando_idwell/Projects/StockProject/StockPlanBackend/Sources/StockPlanBackend/Migrations/CreateMFAChallenge.swift", "/Users/fernando_idwell/Projects/StockProject/StockPlanBackend/Sources/StockPlanBackend/Migrations/CreateMarketNewsArchive.swift", "/Users/fernando_idwell/Projects/StockProject/StockPlanBackend/Sources/StockPlanBackend/Migrations/CreateNewsItem.swift", "/Users/fernando_idwell/Projects/StockProject/StockPlanBackend/Sources/StockPlanBackend/Migrations/CreateOAuthTables.swift", "/Users/fernando_idwell/Projects/StockProject/StockPlanBackend/Sources/StockPlanBackend/Migrations/CreatePasswordResetToken.swift", "/Users/fernando_idwell/Projects/StockProject/StockPlanBackend/Sources/StockPlanBackend/Migrations/CreatePosition.swift", "/Users/fernando_idwell/Projects/StockProject/StockPlanBackend/Sources/StockPlanBackend/Migrations/CreatePrice.swift", "/Users/fernando_idwell/Projects/StockProject/StockPlanBackend/Sources/StockPlanBackend/Migrations/CreatePriceHistory.swift", "/Users/fernando_idwell/Projects/StockProject/StockPlanBackend/Sources/StockPlanBackend/Migrations/CreateProfileCache.swift", "/Users/fernando_idwell/Projects/StockProject/StockPlanBackend/Sources/StockPlanBackend/Migrations/CreatePushDevice.swift", "/Users/fernando_idwell/Projects/StockProject/StockPlanBackend/Sources/StockPlanBackend/Migrations/CreateQuoteCache.swift", "/Users/fernando_idwell/Projects/StockProject/StockPlanBackend/Sources/StockPlanBackend/Migrations/CreateRatiosCache.swift", "/Users/fernando_idwell/Projects/StockProject/StockPlanBackend/Sources/StockPlanBackend/Migrations/CreateRatiosTTMCache.swift", "/Users/fernando_idwell/Projects/StockProject/StockPlanBackend/Sources/StockPlanBackend/Migrations/CreateRefreshToken.swift", "/Users/fernando_idwell/Projects/StockProject/StockPlanBackend/Sources/StockPlanBackend/Migrations/CreateReportSuggestionDismissals.swift", "/Users/fernando_idwell/Projects/StockProject/StockPlanBackend/Sources/StockPlanBackend/Migrations/CreateResearchNote.swift", "/Users/fernando_idwell/Projects/StockProject/StockPlanBackend/Sources/StockPlanBackend/Migrations/CreateSearchCache.swift", "/Users/fernando_idwell/Projects/StockProject/StockPlanBackend/Sources/StockPlanBackend/Migrations/CreateStatisticsSnapshot.swift", "/Users/fernando_idwell/Projects/StockProject/StockPlanBackend/Sources/StockPlanBackend/Migrations/CreateStock.swift", "/Users/fernando_idwell/Projects/StockProject/StockPlanBackend/Sources/StockPlanBackend/Migrations/CreateStockValuation.swift", "/Users/fernando_idwell/Projects/StockProject/StockPlanBackend/Sources/StockPlanBackend/Migrations/CreateTarget.swift", "/Users/fernando_idwell/Projects/StockProject/StockPlanBackend/Sources/StockPlanBackend/Migrations/CreateTransaction.swift", "/Users/fernando_idwell/Projects/StockProject/StockPlanBackend/Sources/StockPlanBackend/Migrations/CreateUser.swift", "/Users/fernando_idwell/Projects/StockProject/StockPlanBackend/Sources/StockPlanBackend/Migrations/CreateUserActivity.swift", "/Users/fernando_idwell/Projects/StockProject/StockPlanBackend/Sources/StockPlanBackend/Migrations/CreateUserBadge.swift", "/Users/fernando_idwell/Projects/StockProject/StockPlanBackend/Sources/StockPlanBackend/Migrations/CreateWatchlistItem.swift", "/Users/fernando_idwell/Projects/StockProject/StockPlanBackend/Sources/StockPlanBackend/Migrations/Database+Index.swift", "/Users/fernando_idwell/Projects/StockProject/StockPlanBackend/Sources/StockPlanBackend/Migrations/DeleteFirstNameLastName.swift", "/Users/fernando_idwell/Projects/StockProject/StockPlanBackend/Sources/StockPlanBackend/Migrations/DropLegacyPlaintextUserProfileFields.swift", "/Users/fernando_idwell/Projects/StockProject/StockPlanBackend/Sources/StockPlanBackend/Models/Account.swift", "/Users/fernando_idwell/Projects/StockProject/StockPlanBackend/Sources/StockPlanBackend/Models/AnalystEstimatesCache.swift", "/Users/fernando_idwell/Projects/StockProject/StockPlanBackend/Sources/StockPlanBackend/Models/BasicFinancialsCache.swift", "/Users/fernando_idwell/Projects/StockProject/StockPlanBackend/Sources/StockPlanBackend/Models/BrokerConnection.swift", "/Users/fernando_idwell/Projects/StockProject/StockPlanBackend/Sources/StockPlanBackend/Models/BudgetPlanItem.swift", "/Users/fernando_idwell/Projects/StockProject/StockPlanBackend/Sources/StockPlanBackend/Models/BudgetSnapshot.swift", "/Users/fernando_idwell/Projects/StockProject/StockPlanBackend/Sources/StockPlanBackend/Models/CashBalance.swift", "/Users/fernando_idwell/Projects/StockProject/StockPlanBackend/Sources/StockPlanBackend/Models/CryptoPortfolioItem.swift", "/Users/fernando_idwell/Projects/StockProject/StockPlanBackend/Sources/StockPlanBackend/Models/Expense.swift", "/Users/fernando_idwell/Projects/StockProject/StockPlanBackend/Sources/StockPlanBackend/Models/ExpenseCategory.swift", "/Users/fernando_idwell/Projects/StockProject/StockPlanBackend/Sources/StockPlanBackend/Models/Feedback.swift", "/Users/fernando_idwell/Projects/StockProject/StockPlanBackend/Sources/StockPlanBackend/Models/FinancialGrowthCache.swift", "/Users/fernando_idwell/Projects/StockProject/StockPlanBackend/Sources/StockPlanBackend/Models/FxRate.swift", "/Users/fernando_idwell/Projects/StockProject/StockPlanBackend/Sources/StockPlanBackend/Models/Goal.swift", "/Users/fernando_idwell/Projects/StockProject/StockPlanBackend/Sources/StockPlanBackend/Models/Instrument.swift", "/Users/fernando_idwell/Projects/StockProject/StockPlanBackend/Sources/StockPlanBackend/Models/Lot.swift", "/Users/fernando_idwell/Projects/StockProject/StockPlanBackend/Sources/StockPlanBackend/Models/MFAChallenge.swift", "/Users/fernando_idwell/Projects/StockProject/StockPlanBackend/Sources/StockPlanBackend/Models/MarketNewsArchive.swift", "/Users/fernando_idwell/Projects/StockProject/StockPlanBackend/Sources/StockPlanBackend/Models/NewsItem.swift", "/Users/fernando_idwell/Projects/StockProject/StockPlanBackend/Sources/StockPlanBackend/Models/OAuthFlow.swift", "/Users/fernando_idwell/Projects/StockProject/StockPlanBackend/Sources/StockPlanBackend/Models/OAuthIdentity.swift", "/Users/fernando_idwell/Projects/StockProject/StockPlanBackend/Sources/StockPlanBackend/Models/PasswordResetToken.swift", "/Users/fernando_idwell/Projects/StockProject/StockPlanBackend/Sources/StockPlanBackend/Models/PortfolioList.swift", "/Users/fernando_idwell/Projects/StockProject/StockPlanBackend/Sources/StockPlanBackend/Models/Position.swift", "/Users/fernando_idwell/Projects/StockProject/StockPlanBackend/Sources/StockPlanBackend/Models/Price.swift", "/Users/fernando_idwell/Projects/StockProject/StockPlanBackend/Sources/StockPlanBackend/Models/PriceHistory.swift", "/Users/fernando_idwell/Projects/StockProject/StockPlanBackend/Sources/StockPlanBackend/Models/ProfileCache.swift", "/Users/fernando_idwell/Projects/StockProject/StockPlanBackend/Sources/StockPlanBackend/Models/PushDevice.swift", "/Users/fernando_idwell/Projects/StockProject/StockPlanBackend/Sources/StockPlanBackend/Models/QuoteCache.swift", "/Users/fernando_idwell/Projects/StockProject/StockPlanBackend/Sources/StockPlanBackend/Models/RatiosCache.swift", "/Users/fernando_idwell/Projects/StockProject/StockPlanBackend/Sources/StockPlanBackend/Models/RatiosTTMCache.swift", "/Users/fernando_idwell/Projects/StockProject/StockPlanBackend/Sources/StockPlanBackend/Models/RefreshToken.swift", "/Users/fernando_idwell/Projects/StockProject/StockPlanBackend/Sources/StockPlanBackend/Models/ReportSuggestionDismissal.swift", "/Users/fernando_idwell/Projects/StockProject/StockPlanBackend/Sources/StockPlanBackend/Models/ResearchNote.swift", "/Users/fernando_idwell/Projects/StockProject/StockPlanBackend/Sources/StockPlanBackend/Models/SearchCache.swift", "/Users/fernando_idwell/Projects/StockProject/StockPlanBackend/Sources/StockPlanBackend/Models/StatisticsSnapshot.swift", "/Users/fernando_idwell/Projects/StockProject/StockPlanBackend/Sources/StockPlanBackend/Models/StatisticsView.swift", "/Users/fernando_idwell/Projects/StockProject/StockPlanBackend/Sources/StockPlanBackend/Models/StockModel.swift", "/Users/fernando_idwell/Projects/StockProject/StockPlanBackend/Sources/StockPlanBackend/Models/StockValuation.swift", "/Users/fernando_idwell/Projects/StockProject/StockPlanBackend/Sources/StockPlanBackend/Models/Target.swift", "/Users/fernando_idwell/Projects/StockProject/StockPlanBackend/Sources/StockPlanBackend/Models/Transaction.swift", "/Users/fernando_idwell/Projects/StockProject/StockPlanBackend/Sources/StockPlanBackend/Models/User.swift", "/Users/fernando_idwell/Projects/StockProject/StockPlanBackend/Sources/StockPlanBackend/Models/UserActivity.swift", "/Users/fernando_idwell/Projects/StockProject/StockPlanBackend/Sources/StockPlanBackend/Models/UserBadge.swift", "/Users/fernando_idwell/Projects/StockProject/StockPlanBackend/Sources/StockPlanBackend/Models/WatchlistItem.swift", "/Users/fernando_idwell/Projects/StockProject/StockPlanBackend/Sources/StockPlanBackend/Models/WatchlistList.swift", "/Users/fernando_idwell/Projects/StockProject/StockPlanBackend/Sources/StockPlanBackend/News/FinnhubWebhookController.swift", "/Users/fernando_idwell/Projects/StockProject/StockPlanBackend/Sources/StockPlanBackend/News/News+Application.swift", "/Users/fernando_idwell/Projects/StockProject/StockPlanBackend/Sources/StockPlanBackend/News/NewsController.swift", "/Users/fernando_idwell/Projects/StockProject/StockPlanBackend/Sources/StockPlanBackend/News/NewsDTO.swift", "/Users/fernando_idwell/Projects/StockProject/StockPlanBackend/Sources/StockPlanBackend/News/NewsProvider.swift", "/Users/fernando_idwell/Projects/StockProject/StockPlanBackend/Sources/StockPlanBackend/News/NewsRepository.swift", "/Users/fernando_idwell/Projects/StockProject/StockPlanBackend/Sources/StockPlanBackend/News/NewsService.swift", "/Users/fernando_idwell/Projects/StockProject/StockPlanBackend/Sources/StockPlanBackend/Notifications/APNSBootstrapConfiguration.swift", "/Users/fernando_idwell/Projects/StockProject/StockPlanBackend/Sources/StockPlanBackend/Notifications/PushDeviceService.swift", "/Users/fernando_idwell/Projects/StockProject/StockPlanBackend/Sources/StockPlanBackend/Notifications/PushNotificationSender.swift", "/Users/fernando_idwell/Projects/StockProject/StockPlanBackend/Sources/StockPlanBackend/Notifications/PushNotificationsController.swift", "/Users/fernando_idwell/Projects/StockProject/StockPlanBackend/Sources/StockPlanBackend/Notifications/PushNotificationsDTOs.swift", "/Users/fernando_idwell/Projects/StockProject/StockPlanBackend/Sources/StockPlanBackend/Notifications/TargetAlertEvaluator.swift", "/Users/fernando_idwell/Projects/StockProject/StockPlanBackend/Sources/StockPlanBackend/Notifications/TargetAlertPoller.swift", "/Users/fernando_idwell/Projects/StockProject/StockPlanBackend/Sources/StockPlanBackend/Portfolio/PortfolioController.swift", "/Users/fernando_idwell/Projects/StockProject/StockPlanBackend/Sources/StockPlanBackend/Portfolio/PortfolioDTOs.swift", "/Users/fernando_idwell/Projects/StockProject/StockPlanBackend/Sources/StockPlanBackend/Security/UserPIIEncryption.swift", "/Users/fernando_idwell/Projects/StockProject/StockPlanBackend/Sources/StockPlanBackend/Services/AuthTokenCleanup.swift", "/Users/fernando_idwell/Projects/StockProject/StockPlanBackend/Sources/StockPlanBackend/Services/CsvImportService.swift", "/Users/fernando_idwell/Projects/StockProject/StockPlanBackend/Sources/StockPlanBackend/Services/MailerService.swift", "/Users/fernando_idwell/Projects/StockProject/StockPlanBackend/Sources/StockPlanBackend/Shared/JSONCoder+Backend.swift", "/Users/fernando_idwell/Projects/StockProject/StockPlanBackend/Sources/StockPlanBackend/Shared/RateLimitMiddleware.swift", "/Users/fernando_idwell/Projects/StockProject/StockPlanBackend/Sources/StockPlanBackend/Shared/StockPlanShared+Content.swift", "/Users/fernando_idwell/Projects/StockProject/StockPlanBackend/Sources/StockPlanBackend/Statistics/Statistics+Application.swift", "/Users/fernando_idwell/Projects/StockProject/StockPlanBackend/Sources/StockPlanBackend/Statistics/StatisticsController.swift", "/Users/fernando_idwell/Projects/StockProject/StockPlanBackend/Sources/StockPlanBackend/Statistics/StatisticsDTO.swift", "/Users/fernando_idwell/Projects/StockProject/StockPlanBackend/Sources/StockPlanBackend/Statistics/StatisticsRepository.swift", "/Users/fernando_idwell/Projects/StockProject/StockPlanBackend/Sources/StockPlanBackend/Statistics/StatisticsService.swift", "/Users/fernando_idwell/Projects/StockProject/StockPlanBackend/Sources/StockPlanBackend/Stocks/ListSupport.swift", "/Users/fernando_idwell/Projects/StockProject/StockPlanBackend/Sources/StockPlanBackend/Stocks/StockController+Watchlist.swift", "/Users/fernando_idwell/Projects/StockProject/StockPlanBackend/Sources/StockPlanBackend/Stocks/StockController.swift", "/Users/fernando_idwell/Projects/StockProject/StockPlanBackend/Sources/StockPlanBackend/Stocks/StockDTO.swift", "/Users/fernando_idwell/Projects/StockProject/StockPlanBackend/Sources/StockPlanBackend/Stocks/StockRepository.swift", "/Users/fernando_idwell/Projects/StockProject/StockPlanBackend/Sources/StockPlanBackend/Stocks/StockService.swift", "/Users/fernando_idwell/Projects/StockProject/StockPlanBackend/Sources/StockPlanBackend/Stocks/Stocks+Application.swift", "/Users/fernando_idwell/Projects/StockProject/StockPlanBackend/Sources/StockPlanBackend/UserProfile/UserProfile+Application.swift", "/Users/fernando_idwell/Projects/StockProject/StockPlanBackend/Sources/StockPlanBackend/UserProfile/UserProfileController.swift", "/Users/fernando_idwell/Projects/StockProject/StockPlanBackend/Sources/StockPlanBackend/UserProfile/UserProfileDTOs.swift", "/Users/fernando_idwell/Projects/StockProject/StockPlanBackend/Sources/StockPlanBackend/UserProfile/UserProfileRepository.swift", "/Users/fernando_idwell/Projects/StockProject/StockPlanBackend/Sources/StockPlanBackend/UserProfile/UserProfileService.swift", "/Users/fernando_idwell/Projects/StockProject/StockPlanBackend/Sources/StockPlanBackend/configure.swift", "/Users/fernando_idwell/Projects/StockProject/StockPlanBackend/Sources/StockPlanBackend/entrypoint.swift", "/Users/fernando_idwell/Projects/StockProject/StockPlanBackend/Sources/StockPlanBackend/routes.swift"], environment: ["BUILD_WORKSPACE_DIRECTORY=/Users/fernando_idwell/Projects/StockProject/StockPlanBackend"], workingDirectory: nil), outputFilesDirectory: <AbsolutePath:"/Users/fernando_idwell/Projects/StockProject/StockPlanBackend/.build/plugins/outputs/stockplanbackend/StockPlanBackend/destination/SwiftLintBuildToolPlugin/Output">)

/Users/fernando_idwell/Projects/StockProject/StockPlanBackend/Sources/StockPlanBackend/Auth/OAuthProviderClient.swift:751:1: warning: File Length Violation: File should contain 500 lines or less: currently contains 751 (file_length)
/Users/fernando_idwell/Projects/StockProject/StockPlanBackend/Sources/StockPlanBackend/Auth/OAuthProviderClient.swift:68:9: warning: Nesting Violation: Types should be nested at most 1 level deep (nesting)
/Users/fernando_idwell/Projects/StockProject/StockPlanBackend/Sources/StockPlanBackend/Auth/OAuthProviderClient.swift:217:9: warning: Nesting Violation: Types should be nested at most 1 level deep (nesting)
/Users/fernando_idwell/Projects/StockProject/StockPlanBackend/Sources/StockPlanBackend/Auth/OAuthProviderClient.swift:235:9: warning: Nesting Violation: Types should be nested at most 1 level deep (nesting)
/Users/fernando_idwell/Projects/StockProject/StockPlanBackend/Sources/StockPlanBackend/Auth/OAuthProviderClient.swift:411:9: warning: Nesting Violation: Types should be nested at most 1 level deep (nesting)
/Users/fernando_idwell/Projects/StockProject/StockPlanBackend/Sources/StockPlanBackend/Auth/OAuthProviderClient.swift:419:9: warning: Nesting Violation: Types should be nested at most 1 level deep (nesting)
/Users/fernando_idwell/Projects/StockProject/StockPlanBackend/Sources/StockPlanBackend/Auth/AuthRepository.swift:26:5: warning: Function Parameter Count Violation: Function should have 5 parameters or less: it currently has 7 (function_parameter_count)
/Users/fernando_idwell/Projects/StockProject/StockPlanBackend/Sources/StockPlanBackend/Auth/AuthRepository.swift:39:5: warning: Function Parameter Count Violation: Function should have 5 parameters or less: it currently has 6 (function_parameter_count)
/Users/fernando_idwell/Projects/StockProject/StockPlanBackend/Sources/StockPlanBackend/Auth/AuthRepository.swift:48:5: warning: Function Parameter Count Violation: Function should have 5 parameters or less: it currently has 8 (function_parameter_count)
/Users/fernando_idwell/Projects/StockProject/StockPlanBackend/Sources/StockPlanBackend/Auth/AuthRepository.swift:166:5: warning: Function Parameter Count Violation: Function should have 5 parameters or less: it currently has 7 (function_parameter_count)
/Users/fernando_idwell/Projects/StockProject/StockPlanBackend/Sources/StockPlanBackend/Auth/AuthRepository.swift:208:5: warning: Function Parameter Count Violation: Function should have 5 parameters or less: it currently has 6 (function_parameter_count)
/Users/fernando_idwell/Projects/StockProject/StockPlanBackend/Sources/StockPlanBackend/Auth/AuthRepository.swift:227:5: warning: Function Parameter Count Violation: Function should have 5 parameters or less: it currently has 8 (function_parameter_count)
/Users/fernando_idwell/Projects/StockProject/StockPlanBackend/Sources/StockPlanBackend/Auth/AuthRepository.swift:274:9: warning: Nesting Violation: Types should be nested at most 1 level deep (nesting)
/Users/fernando_idwell/Projects/StockProject/StockPlanBackend/Sources/StockPlanBackend/Activity/UserActivityRepository.swift:26:9: warning: Nesting Violation: Types should be nested at most 1 level deep (nesting)
/Users/fernando_idwell/Projects/StockProject/StockPlanBackend/Sources/StockPlanBackend/Activity/UserActivityService.swift:8:5: warning: Function Parameter Count Violation: Function should have 5 parameters or less: it currently has 8 (function_parameter_count)
/Users/fernando_idwell/Projects/StockProject/StockPlanBackend/Sources/StockPlanBackend/Activity/UserActivityService.swift:38:5: warning: Function Parameter Count Violation: Function should have 5 parameters or less: it currently has 8 (function_parameter_count)
/Users/fernando_idwell/Projects/StockProject/StockPlanBackend/Sources/StockPlanBackend/Activity/UserActivityService.swift:63:9: warning: Nesting Violation: Types should be nested at most 1 level deep (nesting)
/Users/fernando_idwell/Projects/StockProject/StockPlanBackend/Sources/StockPlanBackend/Auth/AuthService.swift:930:1: warning: File Length Violation: File should contain 500 lines or less: currently contains 930 (file_length)
/Users/fernando_idwell/Projects/StockProject/StockPlanBackend/Sources/StockPlanBackend/Auth/AuthService.swift:34:5: warning: Function Parameter Count Violation: Function should have 5 parameters or less: it currently has 6 (function_parameter_count)
/Users/fernando_idwell/Projects/StockProject/StockPlanBackend/Sources/StockPlanBackend/Auth/AuthService.swift:51:5: warning: Function Parameter Count Violation: Function should have 5 parameters or less: it currently has 7 (function_parameter_count)
/Users/fernando_idwell/Projects/StockProject/StockPlanBackend/Sources/StockPlanBackend/Auth/AuthService.swift:80:5: warning: Function Parameter Count Violation: Function should have 5 parameters or less: it currently has 6 (function_parameter_count)
/Users/fernando_idwell/Projects/StockProject/StockPlanBackend/Sources/StockPlanBackend/Auth/AuthService.swift:296:5: warning: Function Parameter Count Violation: Function should have 5 parameters or less: it currently has 7 (function_parameter_count)
/Users/fernando_idwell/Projects/StockProject/StockPlanBackend/Sources/StockPlanBackend/Auth/AuthService.swift:916:9: warning: Nesting Violation: Types should be nested at most 1 level deep (nesting)
/Users/fernando_idwell/Projects/StockProject/StockPlanBackend/Sources/StockPlanBackend/Broker/Brokers+Application.swift:5:9: warning: Nesting Violation: Types should be nested at most 1 level deep (nesting)
/Users/fernando_idwell/Projects/StockProject/StockPlanBackend/Sources/StockPlanBackend/Broker/Brokers+Application.swift:9:9: warning: Nesting Violation: Types should be nested at most 1 level deep (nesting)
/Users/fernando_idwell/Projects/StockProject/StockPlanBackend/Sources/StockPlanBackend/Crypto/CryptoService.swift:22:5: warning: Function Parameter Count Violation: Function should have 5 parameters or less: it currently has 6 (function_parameter_count)
/Users/fernando_idwell/Projects/StockProject/StockPlanBackend/Sources/StockPlanBackend/Crypto/CryptoService.swift:148:5: warning: Function Parameter Count Violation: Function should have 5 parameters or less: it currently has 6 (function_parameter_count)
/Users/fernando_idwell/Projects/StockProject/StockPlanBackend/Sources/StockPlanBackend/Crypto/DisabledCryptoDataProvider.swift:41:5: warning: Function Parameter Count Violation: Function should have 5 parameters or less: it currently has 6 (function_parameter_count)
/Users/fernando_idwell/Projects/StockProject/StockPlanBackend/Sources/StockPlanBackend/Crypto/CryptoDataProvider.swift:14:5: warning: Function Parameter Count Violation: Function should have 5 parameters or less: it currently has 6 (function_parameter_count)
/Users/fernando_idwell/Projects/StockProject/StockPlanBackend/Sources/StockPlanBackend/Crypto/MockCryptoDataProvider.swift:102:5: warning: Function Parameter Count Violation: Function should have 5 parameters or less: it currently has 6 (function_parameter_count)
/Users/fernando_idwell/Projects/StockProject/StockPlanBackend/Sources/StockPlanBackend/Dashboard/Dashboard+Application.swift:5:9: warning: Nesting Violation: Types should be nested at most 1 level deep (nesting)
/Users/fernando_idwell/Projects/StockProject/StockPlanBackend/Sources/StockPlanBackend/Dashboard/Dashboard+Application.swift:9:9: warning: Nesting Violation: Types should be nested at most 1 level deep (nesting)
/Users/fernando_idwell/Projects/StockProject/StockPlanBackend/Sources/StockPlanBackend/Earnings/Earnings+Application.swift:5:9: warning: Nesting Violation: Types should be nested at most 1 level deep (nesting)
/Users/fernando_idwell/Projects/StockProject/StockPlanBackend/Sources/StockPlanBackend/Expenses/BudgetController.swift:11:17: warning: Nesting Violation: Types should be nested at most 1 level deep (nesting)
/Users/fernando_idwell/Projects/StockProject/StockPlanBackend/Sources/StockPlanBackend/Expenses/BudgetController.swift:51:17: warning: Nesting Violation: Types should be nested at most 1 level deep (nesting)
/Users/fernando_idwell/Projects/StockProject/StockPlanBackend/Sources/StockPlanBackend/Expenses/Expenses+Application.swift:5:9: warning: Nesting Violation: Types should be nested at most 1 level deep (nesting)
/Users/fernando_idwell/Projects/StockProject/StockPlanBackend/Sources/StockPlanBackend/Expenses/ExpensesController.swift:15:17: warning: Nesting Violation: Types should be nested at most 1 level deep (nesting)
/Users/fernando_idwell/Projects/StockProject/StockPlanBackend/Sources/StockPlanBackend/Expenses/ReportsController.swift:6:1: warning: Type Body Length Violation: Struct body should span 300 lines or less excluding comments and whitespace: currently spans 309 lines (type_body_length)
/Users/fernando_idwell/Projects/StockProject/StockPlanBackend/Sources/StockPlanBackend/Expenses/ExpensesService.swift:917:1: warning: File Length Violation: File should contain 500 lines or less: currently contains 917 (file_length)
/Users/fernando_idwell/Projects/StockProject/StockPlanBackend/Sources/StockPlanBackend/Expenses/ExpensesService.swift:470:97: warning: Trailing Comma Violation: Collection literals should not have trailing commas (trailing_comma)
/Users/fernando_idwell/Projects/StockProject/StockPlanBackend/Sources/StockPlanBackend/Expenses/ExpensesService.swift:40:7: error: Type Body Length Violation: Class body should span 600 lines or less excluding comments and whitespace: currently spans 649 lines (type_body_length)
/Users/fernando_idwell/Projects/StockProject/StockPlanBackend/Sources/StockPlanBackend/Gamification/BadgeService.swift:244:9: warning: Nesting Violation: Types should be nested at most 1 level deep (nesting)
/Users/fernando_idwell/Projects/StockProject/StockPlanBackend/Sources/StockPlanBackend/Market/FMPMarketDataProvider.swift:605:1: warning: File Length Violation: File should contain 500 lines or less: currently contains 605 (file_length)
/Users/fernando_idwell/Projects/StockProject/StockPlanBackend/Sources/StockPlanBackend/Market/FMPMarketDataProvider.swift:184:5: warning: Function Parameter Count Violation: Function should have 5 parameters or less: it currently has 6 (function_parameter_count)
/Users/fernando_idwell/Projects/StockProject/StockPlanBackend/Sources/StockPlanBackend/Market/FMPMarketDataProvider.swift:93:1: warning: Type Body Length Violation: Struct body should span 300 lines or less excluding comments and whitespace: currently spans 347 lines (type_body_length)
/Users/fernando_idwell/Projects/StockProject/StockPlanBackend/Sources/StockPlanBackend/Market/FinnhubMarketDataProvider.swift:546:1: warning: File Length Violation: File should contain 500 lines or less: currently contains 546 (file_length)
/Users/fernando_idwell/Projects/StockProject/StockPlanBackend/Sources/StockPlanBackend/Market/MarketDataController.swift:5:1: warning: Type Body Length Violation: Struct body should span 300 lines or less excluding comments and whitespace: currently spans 423 lines (type_body_length)
/Users/fernando_idwell/Projects/StockProject/StockPlanBackend/Sources/StockPlanBackend/Market/MarketDataDTOs.swift:1488:1: warning: File Length Violation: File should contain 500 lines or less: currently contains 1488 (file_length)
/Users/fernando_idwell/Projects/StockProject/StockPlanBackend/Sources/StockPlanBackend/Crypto/Crypto+Application.swift:5:9: warning: Nesting Violation: Types should be nested at most 1 level deep (nesting)
/Users/fernando_idwell/Projects/StockProject/StockPlanBackend/Sources/StockPlanBackend/Market/MarketNews+Application.swift:5:9: warning: Nesting Violation: Types should be nested at most 1 level deep (nesting)
/Users/fernando_idwell/Projects/StockProject/StockPlanBackend/Sources/StockPlanBackend/Market/MarketDataService.swift:2236:1: warning: File Length Violation: File should contain 500 lines or less: currently contains 2236 (file_length)
/Users/fernando_idwell/Projects/StockProject/StockPlanBackend/Sources/StockPlanBackend/Market/MarketDataService.swift:581:5: warning: Function Body Length Violation: Function body should span 200 lines or less excluding comments and whitespace: currently spans 209 lines (function_body_length)
/Users/fernando_idwell/Projects/StockProject/StockPlanBackend/Sources/StockPlanBackend/Market/MarketDataService.swift:930:13: warning: Function Parameter Count Violation: Function should have 5 parameters or less: it currently has 7 (function_parameter_count)
/Users/fernando_idwell/Projects/StockProject/StockPlanBackend/Sources/StockPlanBackend/Market/MarketDataService.swift:1682:17: warning: Function Parameter Count Violation: Function should have 5 parameters or less: it currently has 6 (function_parameter_count)
/Users/fernando_idwell/Projects/StockProject/StockPlanBackend/Sources/StockPlanBackend/Market/MarketDataService.swift:1747:17: warning: Function Parameter Count Violation: Function should have 5 parameters or less: it currently has 6 (function_parameter_count)
/Users/fernando_idwell/Projects/StockProject/StockPlanBackend/Sources/StockPlanBackend/Market/MarketDataService.swift:1403:1: warning: Line Length Violation: Line should be 200 characters or less; currently it has 210 characters (line_length)
/Users/fernando_idwell/Projects/StockProject/StockPlanBackend/Sources/StockPlanBackend/Market/MarketDataService.swift:388:33: warning: Optional Data -> String Conversion Violation: Prefer failable `String(bytes:encoding:)` initializer when converting `Data` to `String` (optional_data_string_conversion)
/Users/fernando_idwell/Projects/StockProject/StockPlanBackend/Sources/StockPlanBackend/Market/Market+Application.swift:12:9: warning: Nesting Violation: Types should be nested at most 1 level deep (nesting)
/Users/fernando_idwell/Projects/StockProject/StockPlanBackend/Sources/StockPlanBackend/Market/Market+Application.swift:16:9: warning: Nesting Violation: Types should be nested at most 1 level deep (nesting)
/Users/fernando_idwell/Projects/StockProject/StockPlanBackend/Sources/StockPlanBackend/Migrations/CreateExpenseCategoryTable.swift:10:97: warning: Trailing Comma Violation: Collection literals should not have trailing commas (trailing_comma)
/Users/fernando_idwell/Projects/StockProject/StockPlanBackend/Sources/StockPlanBackend/Models/Lot.swift:5:13: warning: Type Name Violation: Type name 'Lot' should be between 4 and 40 characters long (type_name)
/Users/fernando_idwell/Projects/StockProject/StockPlanBackend/Sources/StockPlanBackend/News/News+Application.swift:5:9: warning: Nesting Violation: Types should be nested at most 1 level deep (nesting)
/Users/fernando_idwell/Projects/StockProject/StockPlanBackend/Sources/StockPlanBackend/News/News+Application.swift:9:9: warning: Nesting Violation: Types should be nested at most 1 level deep (nesting)
/Users/fernando_idwell/Projects/StockProject/StockPlanBackend/Sources/StockPlanBackend/News/NewsService.swift:504:1: warning: File Length Violation: File should contain 500 lines or less: currently contains 504 (file_length)
/Users/fernando_idwell/Projects/StockProject/StockPlanBackend/Sources/StockPlanBackend/Notifications/PushNotificationSender.swift:148:9: warning: Nesting Violation: Types should be nested at most 1 level deep (nesting)
/Users/fernando_idwell/Projects/StockProject/StockPlanBackend/Sources/StockPlanBackend/Notifications/TargetAlertEvaluator.swift:126:9: warning: Nesting Violation: Types should be nested at most 1 level deep (nesting)
/Users/fernando_idwell/Projects/StockProject/StockPlanBackend/Sources/StockPlanBackend/Security/UserPIIEncryption.swift:187:9: warning: Nesting Violation: Types should be nested at most 1 level deep (nesting)
/Users/fernando_idwell/Projects/StockProject/StockPlanBackend/Sources/StockPlanBackend/Services/CsvImportService.swift:127:13: warning: Prefer For-Where Violation: `where` clauses are preferred over a single `if` inside a `for` (for_where)
/Users/fernando_idwell/Projects/StockProject/StockPlanBackend/Sources/StockPlanBackend/Portfolio/PortfolioController.swift:244:17: warning: Opening Brace Spacing Violation: Opening braces should be preceded by a single space and on the same line as the declaration (opening_brace)
/Users/fernando_idwell/Projects/StockProject/StockPlanBackend/Sources/StockPlanBackend/Statistics/Statistics+Application.swift:5:9: warning: Nesting Violation: Types should be nested at most 1 level deep (nesting)
/Users/fernando_idwell/Projects/StockProject/StockPlanBackend/Sources/StockPlanBackend/Statistics/Statistics+Application.swift:9:9: warning: Nesting Violation: Types should be nested at most 1 level deep (nesting)
/Users/fernando_idwell/Projects/StockProject/StockPlanBackend/Sources/StockPlanBackend/Services/MailerService.swift:69:9: warning: Nesting Violation: Types should be nested at most 1 level deep (nesting)
/Users/fernando_idwell/Projects/StockProject/StockPlanBackend/Sources/StockPlanBackend/Stocks/ListSupport.swift:11:5: warning: Opening Brace Spacing Violation: Opening braces should be preceded by a single space and on the same line as the declaration (opening_brace)
/Users/fernando_idwell/Projects/StockProject/StockPlanBackend/Sources/StockPlanBackend/Stocks/ListSupport.swift:20:5: warning: Opening Brace Spacing Violation: Opening braces should be preceded by a single space and on the same line as the declaration (opening_brace)
/Users/fernando_idwell/Projects/StockProject/StockPlanBackend/Sources/StockPlanBackend/Stocks/ListSupport.swift:40:5: warning: Opening Brace Spacing Violation: Opening braces should be preceded by a single space and on the same line as the declaration (opening_brace)
/Users/fernando_idwell/Projects/StockProject/StockPlanBackend/Sources/StockPlanBackend/Stocks/ListSupport.swift:49:5: warning: Opening Brace Spacing Violation: Opening braces should be preceded by a single space and on the same line as the declaration (opening_brace)
/Users/fernando_idwell/Projects/StockProject/StockPlanBackend/Sources/StockPlanBackend/Stocks/StockRepository.swift:188:9: warning: Opening Brace Spacing Violation: Opening braces should be preceded by a single space and on the same line as the declaration (opening_brace)
/Users/fernando_idwell/Projects/StockProject/StockPlanBackend/Sources/StockPlanBackend/Notifications/PushDeviceService.swift:88:9: warning: Nesting Violation: Types should be nested at most 1 level deep (nesting)
/Users/fernando_idwell/Projects/StockProject/StockPlanBackend/Sources/StockPlanBackend/Shared/RateLimitMiddleware.swift:29:1: warning: Trailing Whitespace Violation: Lines should not have trailing whitespace (trailing_whitespace)
/Users/fernando_idwell/Projects/StockProject/StockPlanBackend/Sources/StockPlanBackend/Statistics/StatisticsRepository.swift:942:1: warning: File Length Violation: File should contain 500 lines or less: currently contains 942 (file_length)
/Users/fernando_idwell/Projects/StockProject/StockPlanBackend/Sources/StockPlanBackend/Statistics/StatisticsRepository.swift:447:5: warning: Function Parameter Count Violation: Function should have 5 parameters or less: it currently has 6 (function_parameter_count)
/Users/fernando_idwell/Projects/StockProject/StockPlanBackend/Sources/StockPlanBackend/UserProfile/UserProfile+Application.swift:5:9: warning: Nesting Violation: Types should be nested at most 1 level deep (nesting)
/Users/fernando_idwell/Projects/StockProject/StockPlanBackend/Sources/StockPlanBackend/UserProfile/UserProfile+Application.swift:9:9: warning: Nesting Violation: Types should be nested at most 1 level deep (nesting)
/Users/fernando_idwell/Projects/StockProject/StockPlanBackend/Sources/StockPlanBackend/Stocks/StockController.swift:571:1: warning: File Length Violation: File should contain 500 lines or less: currently contains 571 (file_length)
/Users/fernando_idwell/Projects/StockProject/StockPlanBackend/Sources/StockPlanBackend/Stocks/StockController.swift:516:16: warning: Optional Data -> String Conversion Violation: Prefer failable `String(bytes:encoding:)` initializer when converting `Data` to `String` (optional_data_string_conversion)
/Users/fernando_idwell/Projects/StockProject/StockPlanBackend/Sources/StockPlanBackend/Stocks/StockController.swift:5:1: warning: Type Body Length Violation: Struct body should span 300 lines or less excluding comments and whitespace: currently spans 474 lines (type_body_length)
/Users/fernando_idwell/Projects/StockProject/StockPlanBackend/Sources/StockPlanBackend/UserProfile/UserProfileService.swift:96:1: warning: Trailing Whitespace Violation: Lines should not have trailing whitespace (trailing_whitespace)
/Users/fernando_idwell/Projects/StockProject/StockPlanBackend/Sources/StockPlanBackend/Stocks/StockController+Watchlist.swift:134:9: warning: Opening Brace Spacing Violation: Opening braces should be preceded by a single space and on the same line as the declaration (opening_brace)
/Users/fernando_idwell/Projects/StockProject/StockPlanBackend/Sources/StockPlanBackend/Stocks/StockController+Watchlist.swift:322:17: warning: Opening Brace Spacing Violation: Opening braces should be preceded by a single space and on the same line as the declaration (opening_brace)
/Users/fernando_idwell/Projects/StockProject/StockPlanBackend/Sources/StockPlanBackend/Stocks/Stocks+Application.swift:5:9: warning: Nesting Violation: Types should be nested at most 1 level deep (nesting)
/Users/fernando_idwell/Projects/StockProject/StockPlanBackend/Sources/StockPlanBackend/Stocks/Stocks+Application.swift:9:9: warning: Nesting Violation: Types should be nested at most 1 level deep (nesting)
/Users/fernando_idwell/Projects/StockProject/StockPlanBackend/Sources/StockPlanBackend/Stocks/StockService.swift:782:1: warning: File Length Violation: File should contain 500 lines or less: currently contains 782 (file_length)
/Users/fernando_idwell/Projects/StockProject/StockPlanBackend/Sources/StockPlanBackend/Stocks/StockService.swift:69:1: warning: Type Body Length Violation: Struct body should span 300 lines or less excluding comments and whitespace: currently spans 584 lines (type_body_length)
/Users/fernando_idwell/Projects/StockProject/StockPlanBackend/Sources/StockPlanBackend/configure.swift:14:8: warning: Function Body Length Violation: Function body should span 200 lines or less excluding comments and whitespace: currently spans 299 lines (function_body_length)
warning: Found a configuration for 'identifier_name' rule, but it is disabled in 'disabled_rules'.

